Archive member included to satisfy reference by file (symbol)

/home/shay/a/ece362/Ac6/SystemWorkbench/plugins/fr.ac6.mcu.externaltools.arm-none.linux64_1.17.0.201812190825/tools/compiler/bin/../lib/gcc/arm-none-eabi/7.3.1/thumb/v6-m/libgcc.a(_udivsi3.o)
                              StdPeriph_Driver/src/stm32f0xx_rcc.o (__aeabi_uidiv)
/home/shay/a/ece362/Ac6/SystemWorkbench/plugins/fr.ac6.mcu.externaltools.arm-none.linux64_1.17.0.201812190825/tools/compiler/bin/../lib/gcc/arm-none-eabi/7.3.1/thumb/v6-m/libgcc.a(_divsi3.o)
                              src/proj.o (__aeabi_idiv)
/home/shay/a/ece362/Ac6/SystemWorkbench/plugins/fr.ac6.mcu.externaltools.arm-none.linux64_1.17.0.201812190825/tools/compiler/bin/../lib/gcc/arm-none-eabi/7.3.1/thumb/v6-m/libgcc.a(_dvmd_tls.o)
                              /home/shay/a/ece362/Ac6/SystemWorkbench/plugins/fr.ac6.mcu.externaltools.arm-none.linux64_1.17.0.201812190825/tools/compiler/bin/../lib/gcc/arm-none-eabi/7.3.1/thumb/v6-m/libgcc.a(_udivsi3.o) (__aeabi_idiv0)
/home/shay/a/ece362/Ac6/SystemWorkbench/plugins/fr.ac6.mcu.externaltools.arm-none.linux64_1.17.0.201812190825/tools/compiler/bin/../lib/gcc/arm-none-eabi/7.3.1/../../../../arm-none-eabi/lib/thumb/v6-m/libc.a(lib_a-errno.o)
                              src/syscalls.o (__errno)
/home/shay/a/ece362/Ac6/SystemWorkbench/plugins/fr.ac6.mcu.externaltools.arm-none.linux64_1.17.0.201812190825/tools/compiler/bin/../lib/gcc/arm-none-eabi/7.3.1/../../../../arm-none-eabi/lib/thumb/v6-m/libc.a(lib_a-exit.o)
                              /home/shay/a/ece362/Ac6/SystemWorkbench/plugins/fr.ac6.mcu.externaltools.arm-none.linux64_1.17.0.201812190825/tools/compiler/bin/../lib/gcc/arm-none-eabi/7.3.1/../../../../arm-none-eabi/lib/thumb/v6-m/crt0.o (exit)
/home/shay/a/ece362/Ac6/SystemWorkbench/plugins/fr.ac6.mcu.externaltools.arm-none.linux64_1.17.0.201812190825/tools/compiler/bin/../lib/gcc/arm-none-eabi/7.3.1/../../../../arm-none-eabi/lib/thumb/v6-m/libc.a(lib_a-impure.o)
                              /home/shay/a/ece362/Ac6/SystemWorkbench/plugins/fr.ac6.mcu.externaltools.arm-none.linux64_1.17.0.201812190825/tools/compiler/bin/../lib/gcc/arm-none-eabi/7.3.1/../../../../arm-none-eabi/lib/thumb/v6-m/libc.a(lib_a-exit.o) (_global_impure_ptr)
/home/shay/a/ece362/Ac6/SystemWorkbench/plugins/fr.ac6.mcu.externaltools.arm-none.linux64_1.17.0.201812190825/tools/compiler/bin/../lib/gcc/arm-none-eabi/7.3.1/../../../../arm-none-eabi/lib/thumb/v6-m/libc.a(lib_a-init.o)
                              /home/shay/a/ece362/Ac6/SystemWorkbench/plugins/fr.ac6.mcu.externaltools.arm-none.linux64_1.17.0.201812190825/tools/compiler/bin/../lib/gcc/arm-none-eabi/7.3.1/../../../../arm-none-eabi/lib/thumb/v6-m/crt0.o (__libc_init_array)
/home/shay/a/ece362/Ac6/SystemWorkbench/plugins/fr.ac6.mcu.externaltools.arm-none.linux64_1.17.0.201812190825/tools/compiler/bin/../lib/gcc/arm-none-eabi/7.3.1/../../../../arm-none-eabi/lib/thumb/v6-m/libc.a(lib_a-memset.o)
                              /home/shay/a/ece362/Ac6/SystemWorkbench/plugins/fr.ac6.mcu.externaltools.arm-none.linux64_1.17.0.201812190825/tools/compiler/bin/../lib/gcc/arm-none-eabi/7.3.1/../../../../arm-none-eabi/lib/thumb/v6-m/crt0.o (memset)
/home/shay/a/ece362/Ac6/SystemWorkbench/plugins/fr.ac6.mcu.externaltools.arm-none.linux64_1.17.0.201812190825/tools/compiler/bin/../lib/gcc/arm-none-eabi/7.3.1/../../../../arm-none-eabi/lib/thumb/v6-m/libc.a(lib_a-rand.o)
                              src/main.o (srand)
/home/shay/a/ece362/Ac6/SystemWorkbench/plugins/fr.ac6.mcu.externaltools.arm-none.linux64_1.17.0.201812190825/tools/compiler/bin/../lib/gcc/arm-none-eabi/7.3.1/../../../../arm-none-eabi/lib/thumb/v6-m/libc.a(lib_a-sprintf.o)
                              src/proj.o (sprintf)
/home/shay/a/ece362/Ac6/SystemWorkbench/plugins/fr.ac6.mcu.externaltools.arm-none.linux64_1.17.0.201812190825/tools/compiler/bin/../lib/gcc/arm-none-eabi/7.3.1/../../../../arm-none-eabi/lib/thumb/v6-m/libc.a(lib_a-svfprintf.o)
                              /home/shay/a/ece362/Ac6/SystemWorkbench/plugins/fr.ac6.mcu.externaltools.arm-none.linux64_1.17.0.201812190825/tools/compiler/bin/../lib/gcc/arm-none-eabi/7.3.1/../../../../arm-none-eabi/lib/thumb/v6-m/libc.a(lib_a-sprintf.o) (_svfprintf_r)
/home/shay/a/ece362/Ac6/SystemWorkbench/plugins/fr.ac6.mcu.externaltools.arm-none.linux64_1.17.0.201812190825/tools/compiler/bin/../lib/gcc/arm-none-eabi/7.3.1/../../../../arm-none-eabi/lib/thumb/v6-m/libc.a(lib_a-__call_atexit.o)
                              /home/shay/a/ece362/Ac6/SystemWorkbench/plugins/fr.ac6.mcu.externaltools.arm-none.linux64_1.17.0.201812190825/tools/compiler/bin/../lib/gcc/arm-none-eabi/7.3.1/../../../../arm-none-eabi/lib/thumb/v6-m/libc.a(lib_a-exit.o) (__call_exitprocs)
/home/shay/a/ece362/Ac6/SystemWorkbench/plugins/fr.ac6.mcu.externaltools.arm-none.linux64_1.17.0.201812190825/tools/compiler/bin/../lib/gcc/arm-none-eabi/7.3.1/../../../../arm-none-eabi/lib/thumb/v6-m/libc.a(lib_a-atexit.o)
[...]
Memory Configuration

Name             Origin             Length             Attributes
FLASH            0x0000000008000000 0x0000000000010000 xr
RAM              0x0000000020000000 0x0000000000002000 xrw
*default*        0x0000000000000000 0xffffffffffffffff

Linker script and memory map

LOAD /home/shay/a/ece362/Ac6/SystemWorkbench/plugins/fr.ac6.mcu.externaltools.arm-none.linux64_1.17.0.201812190825/tools/compiler/bin/../lib/gcc/arm-none-eabi/7.3.1/thumb/v6-m/crti.o
LOAD /home/shay/a/ece362/Ac6/SystemWorkbench/plugins/fr.ac6.mcu.externaltools.arm-none.linux64_1.17.0.201812190825/tools/compiler/bin/../lib/gcc/arm-none-eabi/7.3.1/thumb/v6-m/crtbegin.o
LOAD /home/shay/a/ece362/Ac6/SystemWorkbench/plugins/fr.ac6.mcu.externaltools.arm-none.linux64_1.17.0.201812190825/tools/compiler/bin/../lib/gcc/arm-none-eabi/7.3.1/../../../../arm-none-eabi/lib/thumb/v6-m/crt0.o
LOAD StdPeriph_Driver/src/stm32f0xx_adc.o
LOAD StdPeriph_Driver/src/stm32f0xx_cec.o
LOAD StdPeriph_Driver/src/stm32f0xx_comp.o
LOAD StdPeriph_Driver/src/stm32f0xx_crc.o
LOAD StdPeriph_Driver/src/stm32f0xx_dac.o
LOAD StdPeriph_Driver/src/stm32f0xx_dbgmcu.o
LOAD StdPeriph_Driver/src/stm32f0xx_dma.o
LOAD StdPeriph_Driver/src/stm32f0xx_exti.o
LOAD StdPeriph_Driver/src/stm32f0xx_flash.o
LOAD StdPeriph_Driver/src/stm32f0xx_gpio.o
LOAD StdPeriph_Driver/src/stm32f0xx_i2c.o
LOAD StdPeriph_Driver/src/stm32f0xx_iwdg.o
LOAD StdPeriph_Driver/src/stm32f0xx_misc.o
LOAD StdPeriph_Driver/src/stm32f0xx_pwr.o
LOAD StdPeriph_Driver/src/stm32f0xx_rcc.o
LOAD StdPeriph_Driver/src/stm32f0xx_rtc.o
LOAD StdPeriph_Driver/src/stm32f0xx_spi.o
LOAD StdPeriph_Driver/src/stm32f0xx_syscfg.o
LOAD StdPeriph_Driver/src/stm32f0xx_tim.o
LOAD StdPeriph_Driver/src/stm32f0xx_usart.o
LOAD StdPeriph_Driver/src/stm32f0xx_wwdg.o
LOAD Utilities/stm32f0_discovery.o
LOAD src/main.o
LOAD src/proj.o
LOAD src/setup.o
LOAD src/syscalls.o
LOAD src/system_stm32f0xx.o
LOAD startup/startup_stm32f0xx.o
LOAD /home/shay/a/ece362/Ac6/SystemWorkbench/plugins/fr.ac6.mcu.externaltools.arm-none.linux64_1.17.0.201812190825/tools/compiler/bin/../lib/gcc/arm-none-eabi/7.3.1/../../../../arm-none-eabi/lib/thumb/v6-m/libm.a
START GROUP
LOAD /home/shay/a/ece362/Ac6/SystemWorkbench/plugins/fr.ac6.mcu.externaltools.arm-none.linux64_1.17.0.201812190825/tools/compiler/bin/../lib/gcc/arm-none-eabi/7.3.1/thumb/v6-m/libgcc.a
LOAD /home/shay/a/ece362/Ac6/SystemWorkbench/plugins/fr.ac6.mcu.externaltools.arm-none.linux64_1.17.0.201812190825/tools/compiler/bin/../lib/gcc/arm-none-eabi/7.3.1/../../../../arm-none-eabi/lib/thumb/v6-m/libc.a
END GROUP
LOAD /home/shay/a/ece362/Ac6/SystemWorkbench/plugins/fr.ac6.mcu.externaltools.arm-none.linux64_1.17.0.201812190825/tools/compiler/bin/../lib/gcc/arm-none-eabi/7.3.1/thumb/v6-m/crtend.o
LOAD /home/shay/a/ece362/Ac6/SystemWorkbench/plugins/fr.ac6.mcu.externaltools.arm-none.linux64_1.17.0.201812190825/tools/compiler/bin/../lib/gcc/arm-none-eabi/7.3.1/thumb/v6-m/crtn.o
                0x0000000020002000                _estack = 0x20002000
                0x0000000000000000                _Min_Heap_Size = 0x0
                0x0000000000000080                _Min_Stack_Size = 0x80

.isr_vector     0x0000000008000000       0xc4
                0x0000000008000000                . = ALIGN (0x4)
 *(.isr_vector)
 .isr_vector    0x0000000008000000       0xc4 startup/startup_stm32f0xx.o
                0x0000000008000000                g_pfnVectors
                0x00000000080000c4                . = ALIGN (0x4)

.text           0x00000000080000c8     0x8d60
                0x00000000080000c8                . = ALIGN (0x4)
 *(.text)
 .text          0x00000000080000c8       0x48 /home/shay/a/ece362/Ac6/SystemWorkbench/plugins/fr.ac6.mcu.externaltools.arm-none.linux64_1.17.0.201812190825/tools/compiler/bin/../lib/gcc/arm-none-eabi/7.3.1/thumb/v6-m/crtbegin.o
 .text          0x0000000008000110      0x114 /home/shay/a/ece362/Ac6/SystemWorkbench/plugins/fr.ac6.mcu.externaltools.arm-none.linux64_1.17.0.201812190825/tools/compiler/bin/../lib/gcc/arm-none-eabi/7.3.1/thumb/v6-m/libgcc.a(_udivsi3.o)
                0x0000000008000110                __udivsi3
                0x0000000008000110                __aeabi_uidiv
                0x000000000800021c                __aeabi_uidivmod
 .text          0x0000000008000224      0x1d4 /home/shay/a/ece362/Ac6/SystemWorkbench/plugins/fr.ac6.mcu.externaltools.arm-none.linux64_1.17.0.201812190825/tools/compiler/bin/../lib/gcc/arm-none-eabi/7.3.1/thumb/v6-m/libgcc.a(_divsi3.o)
                0x0000000008000224                __aeabi_idiv
                0x0000000008000224                __divsi3
                0x00000000080003f0                __aeabi_idivmod
 .text          0x00000000080003f8        0x4 /home/shay/a/ece362/Ac6/SystemWorkbench/plugins/fr.ac6.mcu.externaltools.arm-none.linux64_1.17.0.201812190825/tools/compiler/bin/../lib/gcc/arm-none-eabi/7.3.1/thumb/v6-m/libgcc.a(_dvmd_tls.o)
                0x00000000080003f8                __aeabi_ldiv0
                0x00000000080003f8                __aeabi_idiv0
 .text          0x00000000080003fc       0x7c /home/shay/a/ece362/Ac6/SystemWorkbench/plugins/fr.ac6.mcu.externaltools.arm-none.linux64_1.17.0.201812190825/tools/compiler/bin/../lib/gcc/arm-none-eabi/7.3.1/thumb/v6-m/libgcc.a(_arm_cmpdf2.o)
                0x00000000080003fc                __aeabi_cdrcmple
                0x000000000800040c                __aeabi_cdcmple
                0x000000000800040c                __aeabi_cdcmpeq
                0x000000000800041c                __aeabi_dcmpeq
                0x0000000008000428                __aeabi_dcmplt
                0x000000000800043c                __aeabi_dcmple
                0x0000000008000450                __aeabi_dcmpgt
                0x0000000008000464                __aeabi_dcmpge
 .text          0x0000000008000478       0x40 /home/shay/a/ece362/Ac6/SystemWorkbench/plugins/fr.ac6.mcu.externaltools.arm-none.linux64_1.17.0.201812190825/tools/compiler/bin/../lib/gcc/arm-none-eabi/7.3.1/thumb/v6-m/libgcc.a(_aeabi_uldivmod.o)
                0x0000000008000478                __aeabi_uldivmod
 .text          0x00000000080004b8       0x54 /home/shay/a/ece362/Ac6/SystemWorkbench/plugins/fr.ac6.mcu.externaltools.arm-none.linux64_1.17.0.201812190825/tools/compiler/bin/../lib/gcc/arm-none-eabi/7.3.1/thumb/v6-m/libgcc.a(_muldi3.o)
                0x00000000080004b8                __aeabi_lmul
                0x00000000080004b8                __muldi3
 .text          0x000000000800050c      0x184 /home/shay/a/ece362/Ac6/SystemWorkbench/plugins/fr.ac6.mcu.externaltools.arm-none.linux64_1.17.0.201812190825/tools/compiler/bin/../lib/gcc/arm-none-eabi/7.3.1/thumb/v6-m/libgcc.a(_udivmoddi4.o)
                0x000000000800050c                __udivmoddi4
 .text          0x0000000008000690      0x638 /home/shay/a/ece362/Ac6/SystemWorkbench/plugins/fr.ac6.mcu.externaltools.arm-none.linux64_1.17.0.201812190825/tools/compiler/bin/../lib/gcc/arm-none-eabi/7.3.1/thumb/v6-m/libgcc.a(adddf3.o)
                0x0000000008000690                __aeabi_dadd
 .text          0x0000000008000cc8      0x604 /home/shay/a/ece362/Ac6/SystemWorkbench/plugins/fr.ac6.mcu.externaltools.arm-none.linux64_1.17.0.201812190825/tools/compiler/bin/../lib/gcc/arm-none-eabi/7.3.1/thumb/v6-m/libgcc.a(divdf3.o)
                0x0000000008000cc8                __aeabi_ddiv
 .text          0x00000000080012cc       0x78 /home/shay/a/ece362/Ac6/SystemWorkbench/plugins/fr.ac6.mcu.externaltools.arm-none.linux64_1.17.0.201812190825/tools/compiler/bin/../lib/gcc/arm-none-eabi/7.3.1/thumb/v6-m/libgcc.a(eqdf2.o)
                0x00000000080012cc                __eqdf2
                0x00000000080012cc                __nedf2
 .text          0x0000000008001344       0xc8 /home/shay/a/ece362/Ac6/SystemWorkbench/plugins/fr.ac6.mcu.externaltools.arm-none.linux64_1.17.0.201812190825/tools/compiler/bin/../lib/gcc/arm-none-eabi/7.3.1/thumb/v6-m/libgcc.a(gedf2.o)
                0x0000000008001344                __gtdf2
                0x0000000008001344                __gedf2
 .text          0x000000000800140c       0xd0 /home/shay/a/ece362/Ac6/SystemWorkbench/plugins/fr.ac6.mcu.externaltools.arm-none.linux64_1.17.0.201812190825/tools/compiler/bin/../lib/gcc/arm-none-eabi/7.3.1/thumb/v6-m/libgcc.a(ledf2.o)
                0x000000000800140c                __ltdf2
                0x000000000800140c                __ledf2
 .text          0x00000000080014dc      0x4e4 /home/shay/a/ece362/Ac6/SystemWorkbench/plugins/fr.ac6.mcu.externaltools.arm-none.linux64_1.17.0.201812190825/tools/compiler/bin/../lib/gcc/arm-none-eabi/7.3.1/thumb/v6-m/libgcc.a(muldf3.o)
                0x00000000080014dc                __aeabi_dmul
 .text          0x00000000080019c0      0x690 /home/shay/a/ece362/Ac6/SystemWorkbench/plugins/fr.ac6.mcu.externaltools.arm-none.linux64_1.17.0.201812190825/tools/compiler/bin/../lib/gcc/arm-none-eabi/7.3.1/thumb/v6-m/libgcc.a(subdf3.o)
                0x00000000080019c0                __aeabi_dsub
 .text          0x0000000008002050       0x38 /home/shay/a/ece362/Ac6/SystemWorkbench/plugins/fr.ac6.mcu.externaltools.arm-none.linux64_1.17.0.201812190825/tools/compiler/bin/../lib/gcc/arm-none-eabi/7.3.1/thumb/v6-m/libgcc.a(unorddf2.o)
                0x0000000008002050                __aeabi_dcmpun
 .text          0x0000000008002088       0x6c /home/shay/a/ece362/Ac6/SystemWorkbench/plugins/fr.ac6.mcu.externaltools.arm-none.linux64_1.17.0.201812190825/tools/compiler/bin/../lib/gcc/arm-none-eabi/7.3.1/thumb/v6-m/libgcc.a(fixdfsi.o)
                0x0000000008002088                __aeabi_d2iz
 .text          0x00000000080020f4       0x74 /home/shay/a/ece362/Ac6/SystemWorkbench/plugins/fr.ac6.mcu.externaltools.arm-none.linux64_1.17.0.201812190825/tools/compiler/bin/../lib/gcc/arm-none-eabi/7.3.1/thumb/v6-m/libgcc.a(floatsidf.o)
                0x00000000080020f4                __aeabi_i2d
 .text          0x0000000008002168       0x64 /home/shay/a/ece362/Ac6/SystemWorkbench/plugins/fr.ac6.mcu.externaltools.arm-none.linux64_1.17.0.201812190825/tools/compiler/bin/../lib/gcc/arm-none-eabi/7.3.1/thumb/v6-m/libgcc.a(floatunsidf.o)
                0x0000000008002168                __aeabi_ui2d
 .text          0x00000000080021cc       0x3c /home/shay/a/ece362/Ac6/SystemWorkbench/plugins/fr.ac6.mcu.externaltools.arm-none.linux64_1.17.0.201812190825/tools/compiler/bin/../lib/gcc/arm-none-eabi/7.3.1/thumb/v6-m/libgcc.a(_clzsi2.o)
                0x00000000080021cc                __clzsi2
 .text          0x0000000008002208       0x18 /home/shay/a/ece362/Ac6/SystemWorkbench/plugins/fr.ac6.mcu.externaltools.arm-none.linux64_1.17.0.201812190825/tools/compiler/bin/../lib/gcc/arm-none-eabi/7.3.1/thumb/v6-m/libgcc.a(_clzdi2.o)
                0x0000000008002208                __clzdi2
 *(.text*)
 .text.main     0x0000000008002220       0x34 src/main.o
                0x0000000008002220                main
 .text.spi_cmd  0x0000000008002254       0x34 src/proj.o
                0x0000000008002254                spi_cmd
 .text.display1
                0x0000000008002288       0x70 src/proj.o
                0x0000000008002288                display1
 .text.display2
                0x00000000080022f8       0x74 src/proj.o
                0x00000000080022f8                display2
 .text.countdown
                0x000000000800236c       0x78 src/proj.o
                0x000000000800236c                countdown
 .text.keyscan  0x00000000080023e4      0x144 src/proj.o
                0x00000000080023e4                keyscan
 .text.get_key_press
                0x0000000008002528       0x4c src/proj.o
                0x0000000008002528                get_key_press
 .text.get_key_release
                0x0000000008002574       0x4c src/proj.o
                0x0000000008002574                get_key_release
 .text.get_key_pressed
                0x00000000080025c0       0x32 src/proj.o
                0x00000000080025c0                get_key_pressed
 *fill*         0x00000000080025f2        0x2 
 .text.saneryigo
                0x00000000080025f4       0x94 src/proj.o
                0x00000000080025f4                saneryigo
 .text.game     0x0000000008002688      0x194 src/proj.o
                0x0000000008002688                game
 .text.start_message
                0x000000000800281c       0xb0 src/proj.o
                0x000000000800281c                start_message
 .text.gameover
                0x00000000080028cc      0x128 src/proj.o
                0x00000000080028cc                gameover
 .text.rand_gen
                0x00000000080029f4       0x48 src/proj.o
                0x00000000080029f4                rand_gen
 .text.TIM6_DAC_IRQHandler
                0x0000000008002a3c       0x60 src/proj.o
                0x0000000008002a3c                TIM6_DAC_IRQHandler
 .text.TIM2_IRQHandler
                0x0000000008002a9c      0x13c src/proj.o
                0x0000000008002a9c                TIM2_IRQHandler
 .text.light_led
                0x0000000008002bd8      0x2c4 src/proj.o
                0x0000000008002bd8                light_led
 .text.clear_led
                0x0000000008002e9c      0x17c src/proj.o
                0x0000000008002e9c                clear_led
 .text.reset    0x0000000008003018       0xb4 src/proj.o
                0x0000000008003018                reset
 .text.nano_wait
                0x00000000080030cc       0x18 src/setup.o
                0x00000000080030cc                nano_wait
 .text.generic_lcd_startup
                0x00000000080030e4       0x40 src/setup.o
                0x00000000080030e4                generic_lcd_startup
 .text.setup_dma_c3
                0x0000000008003124       0x80 src/setup.o
                0x0000000008003124                setup_dma_c3
 .text.setup_dma_c5
                0x00000000080031a4       0x80 src/setup.o
                0x00000000080031a4                setup_dma_c5
 .text.setup_spi1
                0x0000000008003224       0x6c src/setup.o
                0x0000000008003224                setup_spi1
 .text.setup_spi2
                0x0000000008003290       0x80 src/setup.o
                0x0000000008003290                setup_spi2
 .text.setup_lcd
                0x0000000008003310       0x16 src/setup.o
                0x0000000008003310                setup_lcd
 *fill*         0x0000000008003326        0x2 
 .text.setup_tim2
                0x0000000008003328       0x64 src/setup.o
                0x0000000008003328                setup_tim2
 .text.setup_tim6
                0x000000000800338c       0x5c src/setup.o
                0x000000000800338c                setup_tim6
 .text.setup_gpio
                0x00000000080033e8      0x118 src/setup.o
                0x00000000080033e8                setup_gpio
 .text.setup_dac
                0x0000000008003500       0x5c src/setup.o
                0x0000000008003500                setup_dac
 .text._sbrk    0x000000000800355c       0x58 src/syscalls.o
                0x000000000800355c                _sbrk
 .text.SystemInit
                0x00000000080035b4       0x8c src/system_stm32f0xx.o
                0x00000000080035b4                SystemInit
 .text.SetSysClock
                0x0000000008003640       0x94 src/system_stm32f0xx.o
 .text.Reset_Handler
                0x00000000080036d4       0x50 startup/startup_stm32f0xx.o
                0x00000000080036d4                Reset_Handler
 .text.Default_Handler
                0x0000000008003724        0x2 startup/startup_stm32f0xx.o
                0x0000000008003724                TIM1_CC_IRQHandler
                0x0000000008003724                HardFault_Handler
                0x0000000008003724                ADC1_COMP_IRQHandler
                0x0000000008003724                SysTick_Handler
                0x0000000008003724                PVD_IRQHandler
                0x0000000008003724                PendSV_Handler
                0x0000000008003724                NMI_Handler
                0x0000000008003724                I2C1_IRQHandler
                0x0000000008003724                SPI1_IRQHandler
                0x0000000008003724                EXTI2_3_IRQHandler
                0x0000000008003724                I2C2_IRQHandler
                0x0000000008003724                TIM17_IRQHandler
                0x0000000008003724                RTC_IRQHandler
                0x0000000008003724                TIM16_IRQHandler
                0x0000000008003724                TIM3_IRQHandler
                0x0000000008003724                EXTI4_15_IRQHandler
                0x0000000008003724                RCC_IRQHandler
                0x0000000008003724                DMA1_Channel1_IRQHandler
                0x0000000008003724                Default_Handler
                0x0000000008003724                CEC_IRQHandler
                0x0000000008003724                TIM14_IRQHandler
                0x0000000008003724                DMA1_Channel4_5_IRQHandler
                0x0000000008003724                TIM15_IRQHandler
                0x0000000008003724                EXTI0_1_IRQHandler
                0x0000000008003724                SPI2_IRQHandler
                0x0000000008003724                SVC_Handler
                0x0000000008003724                TS_IRQHandler
                0x0000000008003724                WWDG_IRQHandler
                0x0000000008003724                DMA1_Channel2_3_IRQHandler
                0x0000000008003724                USART2_IRQHandler
                0x0000000008003724                FLASH_IRQHandler
                0x0000000008003724                USART1_IRQHandler
                0x0000000008003724                TIM1_BRK_UP_TRG_COM_IRQHandler
 *fill*         0x0000000008003726        0x2 
 .text.__errno  0x0000000008003728        0xc /home/shay/a/ece362/Ac6/SystemWorkbench/plugins/fr.ac6.mcu.externaltools.arm-none.linux64_1.17.0.201812190825/tools/compiler/bin/../lib/gcc/arm-none-eabi/7.3.1/../../../../arm-none-eabi/lib/thumb/v6-m/libc.a(lib_a-errno.o)
                0x0000000008003728                __errno
 .text.__libc_init_array
                0x0000000008003734       0x48 /home/shay/a/ece362/Ac6/SystemWorkbench/plugins/fr.ac6.mcu.externaltools.arm-none.linux64_1.17.0.201812190825/tools/compiler/bin/../lib/gcc/arm-none-eabi/7.3.1/../../../../arm-none-eabi/lib/thumb/v6-m/libc.a(lib_a-init.o)
                0x0000000008003734                __libc_init_array
 .text.memset   0x000000000800377c       0x9c /home/shay/a/ece362/Ac6/SystemWorkbench/plugins/fr.ac6.mcu.externaltools.arm-none.linux64_1.17.0.201812190825/tools/compiler/bin/../lib/gcc/arm-none-eabi/7.3.1/../../../../arm-none-eabi/lib/thumb/v6-m/libc.a(lib_a-memset.o)
                0x000000000800377c                memset
 .text.srand    0x0000000008003818       0x14 /home/shay/a/ece362/Ac6/SystemWorkbench/plugins/fr.ac6.mcu.externaltools.arm-none.linux64_1.17.0.201812190825/tools/compiler/bin/../lib/gcc/arm-none-eabi/7.3.1/../../../../arm-none-eabi/lib/thumb/v6-m/libc.a(lib_a-rand.o)
                0x0000000008003818                srand
 .text.rand     0x000000000800382c       0x34 /home/shay/a/ece362/Ac6/SystemWorkbench/plugins/fr.ac6.mcu.externaltools.arm-none.linux64_1.17.0.201812190825/tools/compiler/bin/../lib/gcc/arm-none-eabi/7.3.1/../../../../arm-none-eabi/lib/thumb/v6-m/libc.a(lib_a-rand.o)
                0x000000000800382c                rand
 .text.sprintf  0x0000000008003860       0x40 /home/shay/a/ece362/Ac6/SystemWorkbench/plugins/fr.ac6.mcu.externaltools.arm-none.linux64_1.17.0.201812190825/tools/compiler/bin/../lib/gcc/arm-none-eabi/7.3.1/../../../../arm-none-eabi/lib/thumb/v6-m/libc.a(lib_a-sprintf.o)
                0x0000000008003860                sprintf
 .text._svfprintf_r
                0x00000000080038a0     0x1b6c /home/shay/a/ece362/Ac6/SystemWorkbench/plugins/fr.ac6.mcu.externaltools.arm-none.linux64_1.17.0.201812190825/tools/compiler/bin/../lib/gcc/arm-none-eabi/7.3.1/../../../../arm-none-eabi/lib/thumb/v6-m/libc.a(lib_a-svfprintf.o)
                0x00000000080038a0                _svfprintf_r
 .text.startup.register_fini
                0x000000000800540c       0x18 /home/shay/a/ece362/Ac6/SystemWorkbench/plugins/fr.ac6.mcu.externaltools.arm-none.linux64_1.17.0.201812190825/tools/compiler/bin/../lib/gcc/arm-none-eabi/7.3.1/../../../../arm-none-eabi/lib/thumb/v6-m/libc.a(lib_a-__call_atexit.o)
 .text.atexit   0x0000000008005424       0x10 /home/shay/a/ece362/Ac6/SystemWorkbench/plugins/fr.ac6.mcu.externaltools.arm-none.linux64_1.17.0.201812190825/tools/compiler/bin/../lib/gcc/arm-none-eabi/7.3.1/../../../../arm-none-eabi/lib/thumb/v6-m/libc.a(lib_a-atexit.o)
                0x0000000008005424                atexit
 .text.quorem   0x0000000008005434      0x154 /home/shay/a/ece362/Ac6/SystemWorkbench/plugins/fr.ac6.mcu.externaltools.arm-none.linux64_1.17.0.201812190825/tools/compiler/bin/../lib/gcc/arm-none-eabi/7.3.1/../../../../arm-none-eabi/lib/thumb/v6-m/libc.a(lib_a-dtoa.o)
 .text._dtoa_r  0x0000000008005588      0xf4c /home/shay/a/ece362/Ac6/SystemWorkbench/plugins/fr.ac6.mcu.externaltools.arm-none.linux64_1.17.0.201812190825/tools/compiler/bin/../lib/gcc/arm-none-eabi/7.3.1/../../../../arm-none-eabi/lib/thumb/v6-m/libc.a(lib_a-dtoa.o)
                0x0000000008005588                _dtoa_r
 .text.__libc_fini_array
                0x00000000080064d4       0x34 /home/shay/a/ece362/Ac6/SystemWorkbench/plugins/fr.ac6.mcu.externaltools.arm-none.linux64_1.17.0.201812190825/tools/compiler/bin/../lib/gcc/arm-none-eabi/7.3.1/../../../../arm-none-eabi/lib/thumb/v6-m/libc.a(lib_a-fini.o)
                0x00000000080064d4                __libc_fini_array
 .text._malloc_trim_r
                0x0000000008006508       0xa0 /home/shay/a/ece362/Ac6/SystemWorkbench/plugins/fr.ac6.mcu.externaltools.arm-none.linux64_1.17.0.201812190825/tools/compiler/bin/../lib/gcc/arm-none-eabi/7.3.1/../../../../arm-none-eabi/lib/thumb/v6-m/libc.a(lib_a-freer.o)
                0x0000000008006508                _malloc_trim_r
 .text._free_r  0x00000000080065a8      0x1d4 /home/shay/a/ece362/Ac6/SystemWorkbench/plugins/fr.ac6.mcu.externaltools.arm-none.linux64_1.17.0.201812190825/tools/compiler/bin/../lib/gcc/arm-none-eabi/7.3.1/../../../../arm-none-eabi/lib/thumb/v6-m/libc.a(lib_a-freer.o)
                0x00000000080065a8                _free_r
 .text._localeconv_r
                0x000000000800677c       0x18 /home/shay/a/ece362/Ac6/SystemWorkbench/plugins/fr.ac6.mcu.externaltools.arm-none.linux64_1.17.0.201812190825/tools/compiler/bin/../lib/gcc/arm-none-eabi/7.3.1/../../../../arm-none-eabi/lib/thumb/v6-m/libc.a(lib_a-localeconv.o)
                0x000000000800677c                _localeconv_r
 .text.__retarget_lock_acquire_recursive
                0x0000000008006794        0x4 /home/shay/a/ece362/Ac6/SystemWorkbench/plugins/fr.ac6.mcu.externaltools.arm-none.linux64_1.17.0.201812190825/tools/compiler/bin/../lib/gcc/arm-none-eabi/7.3.1/../../../../arm-none-eabi/lib/thumb/v6-m/libc.a(lib_a-lock.o)
                0x0000000008006794                __retarget_lock_acquire_recursive
 .text.__retarget_lock_release_recursive
                0x0000000008006798        0x4 /home/shay/a/ece362/Ac6/SystemWorkbench/plugins/fr.ac6.mcu.externaltools.arm-none.linux64_1.17.0.201812190825/tools/compiler/bin/../lib/gcc/arm-none-eabi/7.3.1/../../../../arm-none-eabi/lib/thumb/v6-m/libc.a(lib_a-lock.o)
                0x0000000008006798                __retarget_lock_release_recursive
 .text._malloc_r
                0x000000000800679c      0x554 /home/shay/a/ece362/Ac6/SystemWorkbench/plugins/fr.ac6.mcu.externaltools.arm-none.linux64_1.17.0.201812190825/tools/compiler/bin/../lib/gcc/arm-none-eabi/7.3.1/../../../../arm-none-eabi/lib/thumb/v6-m/libc.a(lib_a-mallocr.o)
                0x000000000800679c                _malloc_r
 .text.memchr   0x0000000008006cf0       0x80 /home/shay/a/ece362/Ac6/SystemWorkbench/plugins/fr.ac6.mcu.externaltools.arm-none.linux64_1.17.0.201812190825/tools/compiler/bin/../lib/gcc/arm-none-eabi/7.3.1/../../../../arm-none-eabi/lib/thumb/v6-m/libc.a(lib_a-memchr-stub.o)
                0x0000000008006cf0                memchr
 .text.memcpy   0x0000000008006d70       0x88 /home/shay/a/ece362/Ac6/SystemWorkbench/plugins/fr.ac6.mcu.externaltools.arm-none.linux64_1.17.0.201812190825/tools/compiler/bin/../lib/gcc/arm-none-eabi/7.3.1/../../../../arm-none-eabi/lib/thumb/v6-m/libc.a(lib_a-memcpy-stub.o)
                0x0000000008006d70                memcpy
 .text.__malloc_lock
                0x0000000008006df8       0x10 /home/shay/a/ece362/Ac6/SystemWorkbench/plugins/fr.ac6.mcu.externaltools.arm-none.linux64_1.17.0.201812190825/tools/compiler/bin/../lib/gcc/arm-none-eabi/7.3.1/../../../../arm-none-eabi/lib/thumb/v6-m/libc.a(lib_a-mlock.o)
                0x0000000008006df8                __malloc_lock
 .text.__malloc_unlock
                0x0000000008006e08       0x10 /home/shay/a/ece362/Ac6/SystemWorkbench/plugins/fr.ac6.mcu.externaltools.arm-none.linux64_1.17.0.201812190825/tools/compiler/bin/../lib/gcc/arm-none-eabi/7.3.1/../../../../arm-none-eabi/lib/thumb/v6-m/libc.a(lib_a-mlock.o)
                0x0000000008006e08                __malloc_unlock
 .text._Balloc  0x0000000008006e18       0x50 /home/shay/a/ece362/Ac6/SystemWorkbench/plugins/fr.ac6.mcu.externaltools.arm-none.linux64_1.17.0.201812190825/tools/compiler/bin/../lib/gcc/arm-none-eabi/7.3.1/../../../../arm-none-eabi/lib/thumb/v6-m/libc.a(lib_a-mprec.o)
                0x0000000008006e18                _Balloc
 .text._Bfree   0x0000000008006e68       0x14 /home/shay/a/ece362/Ac6/SystemWorkbench/plugins/fr.ac6.mcu.externaltools.arm-none.linux64_1.17.0.201812190825/tools/compiler/bin/../lib/gcc/arm-none-eabi/7.3.1/../../../../arm-none-eabi/lib/thumb/v6-m/libc.a(lib_a-mprec.o)
                0x0000000008006e68                _Bfree
 .text.__multadd
                0x0000000008006e7c       0x8c /home/shay/a/ece362/Ac6/SystemWorkbench/plugins/fr.ac6.mcu.externaltools.arm-none.linux64_1.17.0.201812190825/tools/compiler/bin/../lib/gcc/arm-none-eabi/7.3.1/../../../../arm-none-eabi/lib/thumb/v6-m/libc.a(lib_a-mprec.o)
                0x0000000008006e7c                __multadd
 .text.__hi0bits
                0x0000000008006f08       0x38 /home/shay/a/ece362/Ac6/SystemWorkbench/plugins/fr.ac6.mcu.externaltools.arm-none.linux64_1.17.0.201812190825/tools/compiler/bin/../lib/gcc/arm-none-eabi/7.3.1/../../../../arm-none-eabi/lib/thumb/v6-m/libc.a(lib_a-mprec.o)
                0x0000000008006f08                __hi0bits
 .text.__lo0bits
                0x0000000008006f40       0x5c /home/shay/a/ece362/Ac6/SystemWorkbench/plugins/fr.ac6.mcu.externaltools.arm-none.linux64_1.17.0.201812190825/tools/compiler/bin/../lib/gcc/arm-none-eabi/7.3.1/../../../../arm-none-eabi/lib/thumb/v6-m/libc.a(lib_a-mprec.o)
                0x0000000008006f40                __lo0bits
 .text.__i2b    0x0000000008006f9c       0x14 /home/shay/a/ece362/Ac6/SystemWorkbench/plugins/fr.ac6.mcu.externaltools.arm-none.linux64_1.17.0.201812190825/tools/compiler/bin/../lib/gcc/arm-none-eabi/7.3.1/../../../../arm-none-eabi/lib/thumb/v6-m/libc.a(lib_a-mprec.o)
                0x0000000008006f9c                __i2b
 .text.__multiply
                0x0000000008006fb0      0x178 /home/shay/a/ece362/Ac6/SystemWorkbench/plugins/fr.ac6.mcu.externaltools.arm-none.linux64_1.17.0.201812190825/tools/compiler/bin/../lib/gcc/arm-none-eabi/7.3.1/../../../../arm-none-eabi/lib/thumb/v6-m/libc.a(lib_a-mprec.o)
                0x0000000008006fb0                __multiply
 .text.__pow5mult
                0x0000000008007128       0xc0 /home/shay/a/ece362/Ac6/SystemWorkbench/plugins/fr.ac6.mcu.externaltools.arm-none.linux64_1.17.0.201812190825/tools/compiler/bin/../lib/gcc/arm-none-eabi/7.3.1/../../../../arm-none-eabi/lib/thumb/v6-m/libc.a(lib_a-mprec.o)
                0x0000000008007128                __pow5mult
 .text.__lshift
                0x00000000080071e8       0xc8 /home/shay/a/ece362/Ac6/SystemWorkbench/plugins/fr.ac6.mcu.externaltools.arm-none.linux64_1.17.0.201812190825/tools/compiler/bin/../lib/gcc/arm-none-eabi/7.3.1/../../../../arm-none-eabi/lib/thumb/v6-m/libc.a(lib_a-mprec.o)
                0x00000000080071e8                __lshift
 .text.__mcmp   0x00000000080072b0       0x34 /home/shay/a/ece362/Ac6/SystemWorkbench/plugins/fr.ac6.mcu.externaltools.arm-none.linux64_1.17.0.201812190825/tools/compiler/bin/../lib/gcc/arm-none-eabi/7.3.1/../../../../arm-none-eabi/lib/thumb/v6-m/libc.a(lib_a-mprec.o)
                0x00000000080072b0                __mcmp
 .text.__mdiff  0x00000000080072e4      0x124 /home/shay/a/ece362/Ac6/SystemWorkbench/plugins/fr.ac6.mcu.externaltools.arm-none.linux64_1.17.0.201812190825/tools/compiler/bin/../lib/gcc/arm-none-eabi/7.3.1/../../../../arm-none-eabi/lib/thumb/v6-m/libc.a(lib_a-mprec.o)
                0x00000000080072e4                __mdiff
 .text.__d2b    0x0000000008007408       0xbc /home/shay/a/ece362/Ac6/SystemWorkbench/plugins/fr.ac6.mcu.externaltools.arm-none.linux64_1.17.0.201812190825/tools/compiler/bin/../lib/gcc/arm-none-eabi/7.3.1/../../../../arm-none-eabi/lib/thumb/v6-m/libc.a(lib_a-mprec.o)
                0x0000000008007408                __d2b
 .text.frexp    0x00000000080074c4       0x64 /home/shay/a/ece362/Ac6/SystemWorkbench/plugins/fr.ac6.mcu.externaltools.arm-none.linux64_1.17.0.201812190825/tools/compiler/bin/../lib/gcc/arm-none-eabi/7.3.1/../../../../arm-none-eabi/lib/thumb/v6-m/libc.a(lib_a-s_frexp.o)
                0x00000000080074c4                frexp
 .text._sbrk_r  0x0000000008007528       0x24 /home/shay/a/ece362/Ac6/SystemWorkbench/plugins/fr.ac6.mcu.externaltools.arm-none.linux64_1.17.0.201812190825/tools/compiler/bin/../lib/gcc/arm-none-eabi/7.3.1/../../../../arm-none-eabi/lib/thumb/v6-m/libc.a(lib_a-sbrkr.o)
                0x0000000008007528                _sbrk_r
 .text.strlen   0x000000000800754c       0x64 /home/shay/a/ece362/Ac6/SystemWorkbench/plugins/fr.ac6.mcu.externaltools.arm-none.linux64_1.17.0.201812190825/tools/compiler/bin/../lib/gcc/arm-none-eabi/7.3.1/../../../../arm-none-eabi/lib/thumb/v6-m/libc.a(lib_a-strlen-stub.o)
                0x000000000800754c                strlen
 .text.strncpy  0x00000000080075b0       0x8c /home/shay/a/ece362/Ac6/SystemWorkbench/plugins/fr.ac6.mcu.externaltools.arm-none.linux64_1.17.0.201812190825/tools/compiler/bin/../lib/gcc/arm-none-eabi/7.3.1/../../../../arm-none-eabi/lib/thumb/v6-m/libc.a(lib_a-strncpy.o)
                0x00000000080075b0                strncpy
 .text.__ssprint_r
                0x000000000800763c      0x118 /home/shay/a/ece362/Ac6/SystemWorkbench/plugins/fr.ac6.mcu.externaltools.arm-none.linux64_1.17.0.201812190825/tools/compiler/bin/../lib/gcc/arm-none-eabi/7.3.1/../../../../arm-none-eabi/lib/thumb/v6-m/libc.a(lib_a-svfiprintf.o)
                0x000000000800763c                __ssprint_r
 .text.__register_exitproc
                0x0000000008007754       0xf4 /home/shay/a/ece362/Ac6/SystemWorkbench/plugins/fr.ac6.mcu.externaltools.arm-none.linux64_1.17.0.201812190825/tools/compiler/bin/../lib/gcc/arm-none-eabi/7.3.1/../../../../arm-none-eabi/lib/thumb/v6-m/libc.a(lib_a-__atexit.o)
                0x0000000008007754                __register_exitproc
 .text._calloc_r
                0x0000000008007848       0x58 /home/shay/a/ece362/Ac6/SystemWorkbench/plugins/fr.ac6.mcu.externaltools.arm-none.linux64_1.17.0.201812190825/tools/compiler/bin/../lib/gcc/arm-none-eabi/7.3.1/../../../../arm-none-eabi/lib/thumb/v6-m/libc.a(lib_a-callocr.o)
                0x0000000008007848                _calloc_r
 .text.__ascii_mbtowc
                0x00000000080078a0       0x2c /home/shay/a/ece362/Ac6/SystemWorkbench/plugins/fr.ac6.mcu.externaltools.arm-none.linux64_1.17.0.201812190825/tools/compiler/bin/../lib/gcc/arm-none-eabi/7.3.1/../../../../arm-none-eabi/lib/thumb/v6-m/libc.a(lib_a-mbtowc_r.o)
                0x00000000080078a0                __ascii_mbtowc
 .text.memmove  0x00000000080078cc       0x9c /home/shay/a/ece362/Ac6/SystemWorkbench/plugins/fr.ac6.mcu.externaltools.arm-none.linux64_1.17.0.201812190825/tools/compiler/bin/../lib/gcc/arm-none-eabi/7.3.1/../../../../arm-none-eabi/lib/thumb/v6-m/libc.a(lib_a-memmove.o)
                0x00000000080078cc                memmove
 .text._realloc_r
                0x0000000008007968      0x3b0 /home/shay/a/ece362/Ac6/SystemWorkbench/plugins/fr.ac6.mcu.externaltools.arm-none.linux64_1.17.0.201812190825/tools/compiler/bin/../lib/gcc/arm-none-eabi/7.3.1/../../../../arm-none-eabi/lib/thumb/v6-m/libc.a(lib_a-reallocr.o)
                0x0000000008007968                _realloc_r
 .text.__ascii_wctomb
                0x0000000008007d18       0x1c /home/shay/a/ece362/Ac6/SystemWorkbench/plugins/fr.ac6.mcu.externaltools.arm-none.linux64_1.17.0.201812190825/tools/compiler/bin/../lib/gcc/arm-none-eabi/7.3.1/../../../../arm-none-eabi/lib/thumb/v6-m/libc.a(lib_a-wctomb_r.o)
                0x0000000008007d18                __ascii_wctomb
 *(.rodata)
 .rodata        0x0000000008007d34      0xc68 src/proj.o
                0x0000000008007d34                wavetable
                0x0000000008008504                step
                0x0000000008008544                musictable
 .rodata        0x000000000800899c       0x40 /home/shay/a/ece362/Ac6/SystemWorkbench/plugins/fr.ac6.mcu.externaltools.arm-none.linux64_1.17.0.201812190825/tools/compiler/bin/../lib/gcc/arm-none-eabi/7.3.1/thumb/v6-m/libgcc.a(divdf3.o)
 .rodata        0x00000000080089dc       0x40 /home/shay/a/ece362/Ac6/SystemWorkbench/plugins/fr.ac6.mcu.externaltools.arm-none.linux64_1.17.0.201812190825/tools/compiler/bin/../lib/gcc/arm-none-eabi/7.3.1/thumb/v6-m/libgcc.a(muldf3.o)
 *(.rodata*)
 .rodata._global_impure_ptr
                0x0000000008008a1c        0x4 /home/shay/a/ece362/Ac6/SystemWorkbench/plugins/fr.ac6.mcu.externaltools.arm-none.linux64_1.17.0.201812190825/tools/compiler/bin/../lib/gcc/arm-none-eabi/7.3.1/../../../../arm-none-eabi/lib/thumb/v6-m/libc.a(lib_a-impure.o)
                0x0000000008008a1c                _global_impure_ptr
 .rodata._svfprintf_r
                0x0000000008008a20      0x16c /home/shay/a/ece362/Ac6/SystemWorkbench/plugins/fr.ac6.mcu.externaltools.arm-none.linux64_1.17.0.201812190825/tools/compiler/bin/../lib/gcc/arm-none-eabi/7.3.1/../../../../arm-none-eabi/lib/thumb/v6-m/libc.a(lib_a-svfprintf.o)
 .rodata._svfprintf_r.str1.4
                0x0000000008008b8c       0x42 /home/shay/a/ece362/Ac6/SystemWorkbench/plugins/fr.ac6.mcu.externaltools.arm-none.linux64_1.17.0.201812190825/tools/compiler/bin/../lib/gcc/arm-none-eabi/7.3.1/../../../../arm-none-eabi/lib/thumb/v6-m/libc.a(lib_a-svfprintf.o)
 *fill*         0x0000000008008bce        0x2 
 .rodata.blanks.7315
                0x0000000008008bd0       0x10 /home/shay/a/ece362/Ac6/SystemWorkbench/plugins/fr.ac6.mcu.externaltools.arm-none.linux64_1.17.0.201812190825/tools/compiler/bin/../lib/gcc/arm-none-eabi/7.3.1/../../../../arm-none-eabi/lib/thumb/v6-m/libc.a(lib_a-svfprintf.o)
 .rodata.zeroes.7316
                0x0000000008008be0       0x10 /home/shay/a/ece362/Ac6/SystemWorkbench/plugins/fr.ac6.mcu.externaltools.arm-none.linux64_1.17.0.201812190825/tools/compiler/bin/../lib/gcc/arm-none-eabi/7.3.1/../../../../arm-none-eabi/lib/thumb/v6-m/libc.a(lib_a-svfprintf.o)
 .rodata._dtoa_r.str1.4
                0x0000000008008bf0       0x10 /home/shay/a/ece362/Ac6/SystemWorkbench/plugins/fr.ac6.mcu.externaltools.arm-none.linux64_1.17.0.201812190825/tools/compiler/bin/../lib/gcc/arm-none-eabi/7.3.1/../../../../arm-none-eabi/lib/thumb/v6-m/libc.a(lib_a-dtoa.o)
                                         0x12 (size before relaxing)
 .rodata.__mprec_bigtens
                0x0000000008008c00       0x28 /home/shay/a/ece362/Ac6/SystemWorkbench/plugins/fr.ac6.mcu.externaltools.arm-none.linux64_1.17.0.201812190825/tools/compiler/bin/../lib/gcc/arm-none-eabi/7.3.1/../../../../arm-none-eabi/lib/thumb/v6-m/libc.a(lib_a-mprec.o)
                0x0000000008008c00                __mprec_bigtens
 .rodata.__mprec_tens
                0x0000000008008c28       0xc8 /home/shay/a/ece362/Ac6/SystemWorkbench/plugins/fr.ac6.mcu.externaltools.arm-none.linux64_1.17.0.201812190825/tools/compiler/bin/../lib/gcc/arm-none-eabi/7.3.1/../../../../arm-none-eabi/lib/thumb/v6-m/libc.a(lib_a-mprec.o)
                0x0000000008008c28                __mprec_tens
 .rodata.p05.6092
                0x0000000008008cf0        0xc /home/shay/a/ece362/Ac6/SystemWorkbench/plugins/fr.ac6.mcu.externaltools.arm-none.linux64_1.17.0.201812190825/tools/compiler/bin/../lib/gcc/arm-none-eabi/7.3.1/../../../../arm-none-eabi/lib/thumb/v6-m/libc.a(lib_a-mprec.o)
 .rodata._setlocale_r.str1.4
                0x0000000008008cfc        0xa /home/shay/a/ece362/Ac6/SystemWorkbench/plugins/fr.ac6.mcu.externaltools.arm-none.linux64_1.17.0.201812190825/tools/compiler/bin/../lib/gcc/arm-none-eabi/7.3.1/../../../../arm-none-eabi/lib/thumb/v6-m/libc.a(lib_a-locale.o)
                                          0xd (size before relaxing)
 *fill*         0x0000000008008d06        0x2 
 .rodata.str1.4
                0x0000000008008d08        0x4 /home/shay/a/ece362/Ac6/SystemWorkbench/plugins/fr.ac6.mcu.externaltools.arm-none.linux64_1.17.0.201812190825/tools/compiler/bin/../lib/gcc/arm-none-eabi/7.3.1/../../../../arm-none-eabi/lib/thumb/v6-m/libc.a(lib_a-locale.o)
                                          0x2 (size before relaxing)
 .rodata._ctype_
                0x0000000008008d0c      0x101 /home/shay/a/ece362/Ac6/SystemWorkbench/plugins/fr.ac6.mcu.externaltools.arm-none.linux64_1.17.0.201812190825/tools/compiler/bin/../lib/gcc/arm-none-eabi/7.3.1/../../../../arm-none-eabi/lib/thumb/v6-m/libc.a(lib_a-ctype_.o)
                0x0000000008008d0c                _ctype_
 *(.glue_7)
 .glue_7        0x0000000008008e0d        0x0 linker stubs
 *(.glue_7t)
 .glue_7t       0x0000000008008e0d        0x0 linker stubs
 *(.eh_frame)
 *fill*         0x0000000008008e0d        0x3 
 .eh_frame      0x0000000008008e10        0x0 /home/shay/a/ece362/Ac6/SystemWorkbench/plugins/fr.ac6.mcu.externaltools.arm-none.linux64_1.17.0.201812190825/tools/compiler/bin/../lib/gcc/arm-none-eabi/7.3.1/thumb/v6-m/crtbegin.o
 *(.init)
 .init          0x0000000008008e10        0x4 /home/shay/a/ece362/Ac6/SystemWorkbench/plugins/fr.ac6.mcu.externaltools.arm-none.linux64_1.17.0.201812190825/tools/compiler/bin/../lib/gcc/arm-none-eabi/7.3.1/thumb/v6-m/crti.o
                0x0000000008008e10                _init
 .init          0x0000000008008e14        0x8 /home/shay/a/ece362/Ac6/SystemWorkbench/plugins/fr.ac6.mcu.externaltools.arm-none.linux64_1.17.0.201812190825/tools/compiler/bin/../lib/gcc/arm-none-eabi/7.3.1/thumb/v6-m/crtn.o
 *(.fini)
 .fini          0x0000000008008e1c        0x4 /home/shay/a/ece362/Ac6/SystemWorkbench/plugins/fr.ac6.mcu.externaltools.arm-none.linux64_1.17.0.201812190825/tools/compiler/bin/../lib/gcc/arm-none-eabi/7.3.1/thumb/v6-m/crti.o
                0x0000000008008e1c                _fini
 .fini          0x0000000008008e20        0x8 /home/shay/a/ece362/Ac6/SystemWorkbench/plugins/fr.ac6.mcu.externaltools.arm-none.linux64_1.17.0.201812190825/tools/compiler/bin/../lib/gcc/arm-none-eabi/7.3.1/thumb/v6-m/crtn.o
                0x0000000008008e28                . = ALIGN (0x4)
                0x0000000008008e28                _etext = .

.vfp11_veneer   0x0000000008008e28        0x0
 .vfp11_veneer  0x0000000008008e28        0x0 linker stubs

.v4_bx          0x0000000008008e28        0x0
 .v4_bx         0x0000000008008e28        0x0 linker stubs

.iplt           0x0000000008008e28        0x0
 .iplt          0x0000000008008e28        0x0 /home/shay/a/ece362/Ac6/SystemWorkbench/plugins/fr.ac6.mcu.externaltools.arm-none.linux64_1.17.0.201812190825/tools/compiler/bin/../lib/gcc/arm-none-eabi/7.3.1/thumb/v6-m/crtbegin.o

.ARM.extab
 *(.ARM.extab* .gnu.linkonce.armextab.*)

.ARM            0x0000000008008e28        0x8
                0x0000000008008e28                __exidx_start = .
 *(.ARM.exidx*)
 .ARM.exidx     0x0000000008008e28        0x8 /home/shay/a/ece362/Ac6/SystemWorkbench/plugins/fr.ac6.mcu.externaltools.arm-none.linux64_1.17.0.201812190825/tools/compiler/bin/../lib/gcc/arm-none-eabi/7.3.1/thumb/v6-m/libgcc.a(_udivmoddi4.o)
                0x0000000008008e30                __exidx_end = .

.rel.dyn        0x0000000008008e30        0x0
 .rel.iplt      0x0000000008008e30        0x0 /home/shay/a/ece362/Ac6/SystemWorkbench/plugins/fr.ac6.mcu.externaltools.arm-none.linux64_1.17.0.201812190825/tools/compiler/bin/../lib/gcc/arm-none-eabi/7.3.1/thumb/v6-m/crtbegin.o

.preinit_array  0x0000000008008e30        0x0
                0x0000000008008e30                PROVIDE (__preinit_array_start = .)
 *(.preinit_array*)
                0x0000000008008e30                PROVIDE (__preinit_array_end = .)

.init_array     0x0000000008008e30        0x8
                0x0000000008008e30                PROVIDE (__init_array_start = .)
 *(SORT_BY_NAME(.init_array.*))
 .init_array.00000
                0x0000000008008e30        0x4 /home/shay/a/ece362/Ac6/SystemWorkbench/plugins/fr.ac6.mcu.externaltools.arm-none.linux64_1.17.0.201812190825/tools/compiler/bin/../lib/gcc/arm-none-eabi/7.3.1/../../../../arm-none-eabi/lib/thumb/v6-m/libc.a(lib_a-__call_atexit.o)
 *(.init_array*)
 .init_array    0x0000000008008e34        0x4 /home/shay/a/ece362/Ac6/SystemWorkbench/plugins/fr.ac6.mcu.externaltools.arm-none.linux64_1.17.0.201812190825/tools/compiler/bin/../lib/gcc/arm-none-eabi/7.3.1/thumb/v6-m/crtbegin.o
                0x0000000008008e38                PROVIDE (__init_array_end = .)

.fini_array     0x0000000008008e38        0x4
                0x0000000008008e38                PROVIDE (__fini_array_start = .)
 *(SORT_BY_NAME(.fini_array.*))
 *(.fini_array*)
 .fini_array    0x0000000008008e38        0x4 /home/shay/a/ece362/Ac6/SystemWorkbench/plugins/fr.ac6.mcu.externaltools.arm-none.linux64_1.17.0.201812190825/tools/compiler/bin/../lib/gcc/arm-none-eabi/7.3.1/thumb/v6-m/crtbegin.o
                0x0000000008008e3c                PROVIDE (__fini_array_end = .)
                0x0000000008008e3c                _sidata = LOADADDR (.data)

.data           0x0000000020000000      0x9f0 load address 0x0000000008008e3c
                0x0000000020000000                . = ALIGN (0x4)
                0x0000000020000000                _sdata = .
 *(.data)
 .data          0x0000000020000000       0x44 src/proj.o
                0x0000000020000000                dispmem
 *(.data*)
 .data._impure_ptr
                0x0000000020000044        0x4 /home/shay/a/ece362/Ac6/SystemWorkbench/plugins/fr.ac6.mcu.externaltools.arm-none.linux64_1.17.0.201812190825/tools/compiler/bin/../lib/gcc/arm-none-eabi/7.3.1/../../../../arm-none-eabi/lib/thumb/v6-m/libc.a(lib_a-impure.o)
                0x0000000020000044                _impure_ptr
 .data.impure_data
                0x0000000020000048      0x428 /home/shay/a/ece362/Ac6/SystemWorkbench/plugins/fr.ac6.mcu.externaltools.arm-none.linux64_1.17.0.201812190825/tools/compiler/bin/../lib/gcc/arm-none-eabi/7.3.1/../../../../arm-none-eabi/lib/thumb/v6-m/libc.a(lib_a-impure.o)
 .data.__atexit_recursive_mutex
                0x0000000020000470        0x4 /home/shay/a/ece362/Ac6/SystemWorkbench/plugins/fr.ac6.mcu.externaltools.arm-none.linux64_1.17.0.201812190825/tools/compiler/bin/../lib/gcc/arm-none-eabi/7.3.1/../../../../arm-none-eabi/lib/thumb/v6-m/libc.a(lib_a-__call_atexit.o)
                0x0000000020000470                __atexit_recursive_mutex
 .data.__malloc_av_
                0x0000000020000474      0x408 /home/shay/a/ece362/Ac6/SystemWorkbench/plugins/fr.ac6.mcu.externaltools.arm-none.linux64_1.17.0.201812190825/tools/compiler/bin/../lib/gcc/arm-none-eabi/7.3.1/../../../../arm-none-eabi/lib/thumb/v6-m/libc.a(lib_a-mallocr.o)
                0x0000000020000474                __malloc_av_
 .data.__malloc_sbrk_base
                0x000000002000087c        0x4 /home/shay/a/ece362/Ac6/SystemWorkbench/plugins/fr.ac6.mcu.externaltools.arm-none.linux64_1.17.0.201812190825/tools/compiler/bin/../lib/gcc/arm-none-eabi/7.3.1/../../../../arm-none-eabi/lib/thumb/v6-m/libc.a(lib_a-mallocr.o)
                0x000000002000087c                __malloc_sbrk_base
 .data.__malloc_trim_threshold
                0x0000000020000880        0x4 /home/shay/a/ece362/Ac6/SystemWorkbench/plugins/fr.ac6.mcu.externaltools.arm-none.linux64_1.17.0.201812190825/tools/compiler/bin/../lib/gcc/arm-none-eabi/7.3.1/../../../../arm-none-eabi/lib/thumb/v6-m/libc.a(lib_a-mallocr.o)
                0x0000000020000880                __malloc_trim_threshold
 .data.__global_locale
                0x0000000020000884      0x16c /home/shay/a/ece362/Ac6/SystemWorkbench/plugins/fr.ac6.mcu.externaltools.arm-none.linux64_1.17.0.201812190825/tools/compiler/bin/../lib/gcc/arm-none-eabi/7.3.1/../../../../arm-none-eabi/lib/thumb/v6-m/libc.a(lib_a-locale.o)
                0x0000000020000884                __global_locale
                0x00000000200009f0                . = ALIGN (0x4)
                0x00000000200009f0                _edata = .

.igot.plt       0x00000000200009f0        0x0 load address 0x000000000800982c
 .igot.plt      0x00000000200009f0        0x0 /home/shay/a/ece362/Ac6/SystemWorkbench/plugins/fr.ac6.mcu.externaltools.arm-none.linux64_1.17.0.201812190825/tools/compiler/bin/../lib/gcc/arm-none-eabi/7.3.1/thumb/v6-m/crtbegin.o
                0x00000000200009f0                . = ALIGN (0x4)

.bss            0x00000000200009f0       0xf4 load address 0x000000000800982c
                0x00000000200009f0                _sbss = .
                0x00000000200009f0                __bss_start__ = _sbss
 *(.bss)
 .bss           0x00000000200009f0       0x1c /home/shay/a/ece362/Ac6/SystemWorkbench/plugins/fr.ac6.mcu.externaltools.arm-none.linux64_1.17.0.201812190825/tools/compiler/bin/../lib/gcc/arm-none-eabi/7.3.1/thumb/v6-m/crtbegin.o
 .bss           0x0000000020000a0c       0x70 src/proj.o
                0x0000000020000a0c                pressed
                0x0000000020000a2c                light
                0x0000000020000a3c                point
                0x0000000020000a4c                offset
                0x0000000020000a50                history
                0x0000000020000a60                col
                0x0000000020000a62                keyscan_ct
                0x0000000020000a64                cd_ct
                0x0000000020000a66                gen_ct
                0x0000000020000a68                score
                0x0000000020000a6c                arr
                0x0000000020000a74                status
                0x0000000020000a76                high
                0x0000000020000a78                count_music
 .bss           0x0000000020000a7c        0x8 src/syscalls.o
                0x0000000020000a7c                __env
 *(.bss*)
 .bss.__malloc_current_mallinfo
                0x0000000020000a84       0x28 /home/shay/a/ece362/Ac6/SystemWorkbench/plugins/fr.ac6.mcu.externaltools.arm-none.linux64_1.17.0.201812190825/tools/compiler/bin/../lib/gcc/arm-none-eabi/7.3.1/../../../../arm-none-eabi/lib/thumb/v6-m/libc.a(lib_a-mallocr.o)
                0x0000000020000a84                __malloc_current_mallinfo
 .bss.__malloc_max_sbrked_mem
                0x0000000020000aac        0x4 /home/shay/a/ece362/Ac6/SystemWorkbench/plugins/fr.ac6.mcu.externaltools.arm-none.linux64_1.17.0.201812190825/tools/compiler/bin/../lib/gcc/arm-none-eabi/7.3.1/../../../../arm-none-eabi/lib/thumb/v6-m/libc.a(lib_a-mallocr.o)
                0x0000000020000aac                __malloc_max_sbrked_mem
 .bss.__malloc_max_total_mem
                0x0000000020000ab0        0x4 /home/shay/a/ece362/Ac6/SystemWorkbench/plugins/fr.ac6.mcu.externaltools.arm-none.linux64_1.17.0.201812190825/tools/compiler/bin/../lib/gcc/arm-none-eabi/7.3.1/../../../../arm-none-eabi/lib/thumb/v6-m/libc.a(lib_a-mallocr.o)
                0x0000000020000ab0                __malloc_max_total_mem
 .bss.__malloc_top_pad
                0x0000000020000ab4        0x4 /home/shay/a/ece362/Ac6/SystemWorkbench/plugins/fr.ac6.mcu.externaltools.arm-none.linux64_1.17.0.201812190825/tools/compiler/bin/../lib/gcc/arm-none-eabi/7.3.1/../../../../arm-none-eabi/lib/thumb/v6-m/libc.a(lib_a-mallocr.o)
                0x0000000020000ab4                __malloc_top_pad
 *(COMMON)
 COMMON         0x0000000020000ab8        0x1 src/proj.o
                0x0000000020000ab8                count
 *fill*         0x0000000020000ab9        0x3 
 COMMON         0x0000000020000abc       0x21 /home/shay/a/ece362/Ac6/SystemWorkbench/plugins/fr.ac6.mcu.externaltools.arm-none.linux64_1.17.0.201812190825/tools/compiler/bin/../lib/gcc/arm-none-eabi/7.3.1/../../../../arm-none-eabi/lib/thumb/v6-m/libc.a(lib_a-lock.o)
                0x0000000020000abc                __lock___atexit_recursive_mutex
                0x0000000020000ac0                __lock___arc4random_mutex
                0x0000000020000ac4                __lock___env_recursive_mutex
                0x0000000020000ac8                __lock___sinit_recursive_mutex
                0x0000000020000acc                __lock___malloc_recursive_mutex
                0x0000000020000ad0                __lock___at_quick_exit_mutex
                0x0000000020000ad4                __lock___dd_hash_mutex
                0x0000000020000ad8                __lock___tz_mutex
                0x0000000020000adc                __lock___sfp_recursive_mutex
 *fill*         0x0000000020000add        0x3 
 COMMON         0x0000000020000ae0        0x4 /home/shay/a/ece362/Ac6/SystemWorkbench/plugins/fr.ac6.mcu.externaltools.arm-none.linux64_1.17.0.201812190825/tools/compiler/bin/../lib/gcc/arm-none-eabi/7.3.1/../../../../arm-none-eabi/lib/thumb/v6-m/libc.a(lib_a-reent.o)
                0x0000000020000ae0                errno
                0x0000000020000ae4                . = ALIGN (0x4)
                0x0000000020000ae4                _ebss = .
                0x0000000020000ae4                __bss_end__ = _ebss

._user_heap_stack
                0x0000000020000ae4       0x84 load address 0x000000000800982c
                0x0000000020000ae8                . = ALIGN (0x8)
 *fill*         0x0000000020000ae4        0x4 
                0x0000000020000ae8                PROVIDE (end = .)
                [!provide]                        PROVIDE (_end = .)
                0x0000000020000ae8                . = (. + _Min_Heap_Size)
                0x0000000020000b68                . = (. + _Min_Stack_Size)
 *fill*         0x0000000020000ae8       0x80 
                0x0000000020000b68                . = ALIGN (0x8)

.ARM.attributes
                0x0000000000000000       0x28
 *(.ARM.attributes)
 .ARM.attributes
                0x0000000000000000       0x1e /home/shay/a/ece362/Ac6/SystemWorkbench/plugins/fr.ac6.mcu.externaltools.arm-none.linux64_1.17.0.201812190825/tools/compiler/bin/../lib/gcc/arm-none-eabi/7.3.1/thumb/v6-m/crti.o
 .ARM.attributes
                0x000000000000001e       0x2c /home/shay/a/ece362/Ac6/SystemWorkbench/plugins/fr.ac6.mcu.externaltools.arm-none.linux64_1.17.0.201812190825/tools/compiler/bin/../lib/gcc/arm-none-eabi/7.3.1/thumb/v6-m/crtbegin.o
 .ARM.attributes
                0x000000000000004a       0x31 src/main.o
 .ARM.attributes
                0x000000000000007b       0x31 src/proj.o
 .ARM.attributes
                0x00000000000000ac       0x31 src/setup.o
 .ARM.attributes
                0x00000000000000dd       0x31 src/syscalls.o
 .ARM.attributes
                0x000000000000010e       0x31 src/system_stm32f0xx.o
 .ARM.attributes
                0x000000000000013f       0x21 startup/startup_stm32f0xx.o
 .ARM.attributes
                0x0000000000000160       0x1e /home/shay/a/ece362/Ac6/SystemWorkbench/plugins/fr.ac6.mcu.externaltools.arm-none.linux64_1.17.0.201812190825/tools/compiler/bin/../lib/gcc/arm-none-eabi/7.3.1/thumb/v6-m/libgcc.a(_udivsi3.o)
 .ARM.attributes
                0x000000000000017e       0x1e /home/shay/a/ece362/Ac6/SystemWorkbench/plugins/fr.ac6.mcu.externaltools.arm-none.linux64_1.17.0.201812190825/tools/compiler/bin/../lib/gcc/arm-none-eabi/7.3.1/thumb/v6-m/libgcc.a(_divsi3.o)
 .ARM.attributes
                0x000000000000019c       0x1e /home/shay/a/ece362/Ac6/SystemWorkbench/plugins/fr.ac6.mcu.externaltools.arm-none.linux64_1.17.0.201812190825/tools/compiler/bin/../lib/gcc/arm-none-eabi/7.3.1/thumb/v6-m/libgcc.a(_dvmd_tls.o)
 .ARM.attributes
                0x00000000000001ba       0x2c /home/shay/a/ece362/Ac6/SystemWorkbench/plugins/fr.ac6.mcu.externaltools.arm-none.linux64_1.17.0.201812190825/tools/compiler/bin/../lib/gcc/arm-none-eabi/7.3.1/../../../../arm-none-eabi/lib/thumb/v6-m/libc.a(lib_a-errno.o)
 .ARM.attributes
                0x00000000000001e6       0x2c /home/shay/a/ece362/Ac6/SystemWorkbench/plugins/fr.ac6.mcu.externaltools.arm-none.linux64_1.17.0.201812190825/tools/compiler/bin/../lib/gcc/arm-none-eabi/7.3.1/../../../../arm-none-eabi/lib/thumb/v6-m/libc.a(lib_a-impure.o)
 .ARM.attributes
                0x0000000000000212       0x2c /home/shay/a/ece362/Ac6/SystemWorkbench/plugins/fr.ac6.mcu.externaltools.arm-none.linux64_1.17.0.201812190825/tools/compiler/bin/../lib/gcc/arm-none-eabi/7.3.1/../../../../arm-none-eabi/lib/thumb/v6-m/libc.a(lib_a-init.o)
 .ARM.attributes
                0x000000000000023e       0x2c /home/shay/a/ece362/Ac6/SystemWorkbench/plugins/fr.ac6.mcu.externaltools.arm-none.linux64_1.17.0.201812190825/tools/compiler/bin/../lib/gcc/arm-none-eabi/7.3.1/../../../../arm-none-eabi/lib/thumb/v6-m/libc.a(lib_a-memset.o)
 .ARM.attributes
                0x000000000000026a       0x2c /home/shay/a/ece362/Ac6/SystemWorkbench/plugins/fr.ac6.mcu.externaltools.arm-none.linux64_1.17.0.201812190825/tools/compiler/bin/../lib/gcc/arm-none-eabi/7.3.1/../../../../arm-none-eabi/lib/thumb/v6-m/libc.a(lib_a-rand.o)
 .ARM.attributes
                0x0000000000000296       0x2c /home/shay/a/ece362/Ac6/SystemWorkbench/plugins/fr.ac6.mcu.externaltools.arm-none.linux64_1.17.0.201812190825/tools/compiler/bin/../lib/gcc/arm-none-eabi/7.3.1/../../../../arm-none-eabi/lib/thumb/v6-m/libc.a(lib_a-sprintf.o)
 .ARM.attributes
                0x00000000000002c2       0x2c /home/shay/a/ece362/Ac6/SystemWorkbench/plugins/fr.ac6.mcu.externaltools.arm-none.linux64_1.17.0.201812190825/tools/compiler/bin/../lib/gcc/arm-none-eabi/7.3.1/../../../../arm-none-eabi/lib/thumb/v6-m/libc.a(lib_a-svfprintf.o)
 .ARM.attributes
                0x00000000000002ee       0x2c /home/shay/a/ece362/Ac6/SystemWorkbench/plugins/fr.ac6.mcu.externaltools.arm-none.linux64_1.17.0.201812190825/tools/compiler/bin/../lib/gcc/arm-none-eabi/7.3.1/../../../../arm-none-eabi/lib/thumb/v6-m/libc.a(lib_a-__call_atexit.o)
 .ARM.attributes
                0x000000000000031a       0x2c /home/shay/a/ece362/Ac6/SystemWorkbench/plugins/fr.ac6.mcu.externaltools.arm-none.linux64_1.17.0.201812190825/tools/compiler/bin/../lib/gcc/arm-none-eabi/7.3.1/../../../../arm-none-eabi/lib/thumb/v6-m/libc.a(lib_a-atexit.o)
 .ARM.attributes
                0x0000000000000346       0x2c /home/shay/a/ece362/Ac6/SystemWorkbench/plugins/fr.ac6.mcu.externaltools.arm-none.linux64_1.17.0.201812190825/tools/compiler/bin/../lib/gcc/arm-none-eabi/7.3.1/../../../../arm-none-eabi/lib/thumb/v6-m/libc.a(lib_a-dtoa.o)
 .ARM.attributes
                0x0000000000000372       0x2c /home/shay/a/ece362/Ac6/SystemWorkbench/plugins/fr.ac6.mcu.externaltools.arm-none.linux64_1.17.0.201812190825/tools/compiler/bin/../lib/gcc/arm-none-eabi/7.3.1/../../../../arm-none-eabi/lib/thumb/v6-m/libc.a(lib_a-fini.o)
 .ARM.attributes
                0x000000000000039e       0x2c /home/shay/a/ece362/Ac6/SystemWorkbench/plugins/fr.ac6.mcu.externaltools.arm-none.linux64_1.17.0.201812190825/tools/compiler/bin/../lib/gcc/arm-none-eabi/7.3.1/../../../../arm-none-eabi/lib/thumb/v6-m/libc.a(lib_a-freer.o)
 .ARM.attributes
                0x00000000000003ca       0x2c /home/shay/a/ece362/Ac6/SystemWorkbench/plugins/fr.ac6.mcu.externaltools.arm-none.linux64_1.17.0.201812190825/tools/compiler/bin/../lib/gcc/arm-none-eabi/7.3.1/../../../../arm-none-eabi/lib/thumb/v6-m/libc.a(lib_a-localeconv.o)
 .ARM.attributes
                0x00000000000003f6       0x2c /home/shay/a/ece362/Ac6/SystemWorkbench/plugins/fr.ac6.mcu.externaltools.arm-none.linux64_1.17.0.201812190825/tools/compiler/bin/../lib/gcc/arm-none-eabi/7.3.1/../../../../arm-none-eabi/lib/thumb/v6-m/libc.a(lib_a-lock.o)
 .ARM.attributes
                0x0000000000000422       0x2c /home/shay/a/ece362/Ac6/SystemWorkbench/plugins/fr.ac6.mcu.externaltools.arm-none.linux64_1.17.0.201812190825/tools/compiler/bin/../lib/gcc/arm-none-eabi/7.3.1/../../../../arm-none-eabi/lib/thumb/v6-m/libc.a(lib_a-mallocr.o)
 .ARM.attributes
                0x000000000000044e       0x2c /home/shay/a/ece362/Ac6/SystemWorkbench/plugins/fr.ac6.mcu.externaltools.arm-none.linux64_1.17.0.201812190825/tools/compiler/bin/../lib/gcc/arm-none-eabi/7.3.1/../../../../arm-none-eabi/lib/thumb/v6-m/libc.a(lib_a-memchr-stub.o)
 .ARM.attributes
                0x000000000000047a       0x2c /home/shay/a/ece362/Ac6/SystemWorkbench/plugins/fr.ac6.mcu.externaltools.arm-none.linux64_1.17.0.201812190825/tools/compiler/bin/../lib/gcc/arm-none-eabi/7.3.1/../../../../arm-none-eabi/lib/thumb/v6-m/libc.a(lib_a-memcpy-stub.o)
 .ARM.attributes
                0x00000000000004a6       0x2c /home/shay/a/ece362/Ac6/SystemWorkbench/plugins/fr.ac6.mcu.externaltools.arm-none.linux64_1.17.0.201812190825/tools/compiler/bin/../lib/gcc/arm-none-eabi/7.3.1/../../../../arm-none-eabi/lib/thumb/v6-m/libc.a(lib_a-mlock.o)
 .ARM.attributes
                0x00000000000004d2       0x2c /home/shay/a/ece362/Ac6/SystemWorkbench/plugins/fr.ac6.mcu.externaltools.arm-none.linux64_1.17.0.201812190825/tools/compiler/bin/../lib/gcc/arm-none-eabi/7.3.1/../../../../arm-none-eabi/lib/thumb/v6-m/libc.a(lib_a-mprec.o)
 .ARM.attributes
                0x00000000000004fe       0x2c /home/shay/a/ece362/Ac6/SystemWorkbench/plugins/fr.ac6.mcu.externaltools.arm-none.linux64_1.17.0.201812190825/tools/compiler/bin/../lib/gcc/arm-none-eabi/7.3.1/../../../../arm-none-eabi/lib/thumb/v6-m/libc.a(lib_a-s_frexp.o)
 .ARM.attributes
                0x000000000000052a       0x2c /home/shay/a/ece362/Ac6/SystemWorkbench/plugins/fr.ac6.mcu.externaltools.arm-none.linux64_1.17.0.201812190825/tools/compiler/bin/../lib/gcc/arm-none-eabi/7.3.1/../../../../arm-none-eabi/lib/thumb/v6-m/libc.a(lib_a-sbrkr.o)
 .ARM.attributes
                0x0000000000000556       0x2c /home/shay/a/ece362/Ac6/SystemWorkbench/plugins/fr.ac6.mcu.externaltools.arm-none.linux64_1.17.0.201812190825/tools/compiler/bin/../lib/gcc/arm-none-eabi/7.3.1/../../../../arm-none-eabi/lib/thumb/v6-m/libc.a(lib_a-strlen-stub.o)
 .ARM.attributes
                0x0000000000000582       0x2c /home/shay/a/ece362/Ac6/SystemWorkbench/plugins/fr.ac6.mcu.externaltools.arm-none.linux64_1.17.0.201812190825/tools/compiler/bin/../lib/gcc/arm-none-eabi/7.3.1/../../../../arm-none-eabi/lib/thumb/v6-m/libc.a(lib_a-strncpy.o)
 .ARM.attributes
                0x00000000000005ae       0x2c /home/shay/a/ece362/Ac6/SystemWorkbench/plugins/fr.ac6.mcu.externaltools.arm-none.linux64_1.17.0.201812190825/tools/compiler/bin/../lib/gcc/arm-none-eabi/7.3.1/../../../../arm-none-eabi/lib/thumb/v6-m/libc.a(lib_a-svfiprintf.o)
 .ARM.attributes
                0x00000000000005da       0x2c /home/shay/a/ece362/Ac6/SystemWorkbench/plugins/fr.ac6.mcu.externaltools.arm-none.linux64_1.17.0.201812190825/tools/compiler/bin/../lib/gcc/arm-none-eabi/7.3.1/../../../../arm-none-eabi/lib/thumb/v6-m/libc.a(lib_a-__atexit.o)
 .ARM.attributes
                0x0000000000000606       0x2c /home/shay/a/ece362/Ac6/SystemWorkbench/plugins/fr.ac6.mcu.externaltools.arm-none.linux64_1.17.0.201812190825/tools/compiler/bin/../lib/gcc/arm-none-eabi/7.3.1/../../../../arm-none-eabi/lib/thumb/v6-m/libc.a(lib_a-callocr.o)
 .ARM.attributes
                0x0000000000000632       0x2c /home/shay/a/ece362/Ac6/SystemWorkbench/plugins/fr.ac6.mcu.externaltools.arm-none.linux64_1.17.0.201812190825/tools/compiler/bin/../lib/gcc/arm-none-eabi/7.3.1/../../../../arm-none-eabi/lib/thumb/v6-m/libc.a(lib_a-locale.o)
 .ARM.attributes
                0x000000000000065e       0x2c /home/shay/a/ece362/Ac6/SystemWorkbench/plugins/fr.ac6.mcu.externaltools.arm-none.linux64_1.17.0.201812190825/tools/compiler/bin/../lib/gcc/arm-none-eabi/7.3.1/../../../../arm-none-eabi/lib/thumb/v6-m/libc.a(lib_a-mbtowc_r.o)
 .ARM.attributes
                0x000000000000068a       0x2c /home/shay/a/ece362/Ac6/SystemWorkbench/plugins/fr.ac6.mcu.externaltools.arm-none.linux64_1.17.0.201812190825/tools/compiler/bin/../lib/gcc/arm-none-eabi/7.3.1/../../../../arm-none-eabi/lib/thumb/v6-m/libc.a(lib_a-memmove.o)
 .ARM.attributes
                0x00000000000006b6       0x2c /home/shay/a/ece362/Ac6/SystemWorkbench/plugins/fr.ac6.mcu.externaltools.arm-none.linux64_1.17.0.201812190825/tools/compiler/bin/../lib/gcc/arm-none-eabi/7.3.1/../../../../arm-none-eabi/lib/thumb/v6-m/libc.a(lib_a-reallocr.o)
 .ARM.attributes
                0x00000000000006e2       0x2c /home/shay/a/ece362/Ac6/SystemWorkbench/plugins/fr.ac6.mcu.externaltools.arm-none.linux64_1.17.0.201812190825/tools/compiler/bin/../lib/gcc/arm-none-eabi/7.3.1/../../../../arm-none-eabi/lib/thumb/v6-m/libc.a(lib_a-reent.o)
 .ARM.attributes
                0x000000000000070e       0x2c /home/shay/a/ece362/Ac6/SystemWorkbench/plugins/fr.ac6.mcu.externaltools.arm-none.linux64_1.17.0.201812190825/tools/compiler/bin/../lib/gcc/arm-none-eabi/7.3.1/../../../../arm-none-eabi/lib/thumb/v6-m/libc.a(lib_a-wctomb_r.o)
 .ARM.attributes
                0x000000000000073a       0x2c /home/shay/a/ece362/Ac6/SystemWorkbench/plugins/fr.ac6.mcu.externaltools.arm-none.linux64_1.17.0.201812190825/tools/compiler/bin/../lib/gcc/arm-none-eabi/7.3.1/../../../../arm-none-eabi/lib/thumb/v6-m/libc.a(lib_a-ctype_.o)
 .ARM.attributes
                0x0000000000000766       0x1e /home/shay/a/ece362/Ac6/SystemWorkbench/plugins/fr.ac6.mcu.externaltools.arm-none.linux64_1.17.0.201812190825/tools/compiler/bin/../lib/gcc/arm-none-eabi/7.3.1/thumb/v6-m/libgcc.a(_arm_cmpdf2.o)
 .ARM.attributes
                0x0000000000000784       0x1e /home/shay/a/ece362/Ac6/SystemWorkbench/plugins/fr.ac6.mcu.externaltools.arm-none.linux64_1.17.0.201812190825/tools/compiler/bin/../lib/gcc/arm-none-eabi/7.3.1/thumb/v6-m/libgcc.a(_aeabi_uldivmod.o)
 .ARM.attributes
                0x00000000000007a2       0x2c /home/shay/a/ece362/Ac6/SystemWorkbench/plugins/fr.ac6.mcu.externaltools.arm-none.linux64_1.17.0.201812190825/tools/compiler/bin/../lib/gcc/arm-none-eabi/7.3.1/thumb/v6-m/libgcc.a(_muldi3.o)
 .ARM.attributes
                0x00000000000007ce       0x2c /home/shay/a/ece362/Ac6/SystemWorkbench/plugins/fr.ac6.mcu.externaltools.arm-none.linux64_1.17.0.201812190825/tools/compiler/bin/../lib/gcc/arm-none-eabi/7.3.1/thumb/v6-m/libgcc.a(_udivmoddi4.o)
 .ARM.attributes
                0x00000000000007fa       0x2c /home/shay/a/ece362/Ac6/SystemWorkbench/plugins/fr.ac6.mcu.externaltools.arm-none.linux64_1.17.0.201812190825/tools/compiler/bin/../lib/gcc/arm-none-eabi/7.3.1/thumb/v6-m/libgcc.a(adddf3.o)
 .ARM.attributes
                0x0000000000000826       0x2c /home/shay/a/ece362/Ac6/SystemWorkbench/plugins/fr.ac6.mcu.externaltools.arm-none.linux64_1.17.0.201812190825/tools/compiler/bin/../lib/gcc/arm-none-eabi/7.3.1/thumb/v6-m/libgcc.a(divdf3.o)
 .ARM.attributes
                0x0000000000000852       0x2c /home/shay/a/ece362/Ac6/SystemWorkbench/plugins/fr.ac6.mcu.externaltools.arm-none.linux64_1.17.0.201812190825/tools/compiler/bin/../lib/gcc/arm-none-eabi/7.3.1/thumb/v6-m/libgcc.a(eqdf2.o)
 .ARM.attributes
                0x000000000000087e       0x2c /home/shay/a/ece362/Ac6/SystemWorkbench/plugins/fr.ac6.mcu.externaltools.arm-none.linux64_1.17.0.201812190825/tools/compiler/bin/../lib/gcc/arm-none-eabi/7.3.1/thumb/v6-m/libgcc.a(gedf2.o)
 .ARM.attributes
                0x00000000000008aa       0x2c /home/shay/a/ece362/Ac6/SystemWorkbench/plugins/fr.ac6.mcu.externaltools.arm-none.linux64_1.17.0.201812190825/tools/compiler/bin/../lib/gcc/arm-none-eabi/7.3.1/thumb/v6-m/libgcc.a(ledf2.o)
 .ARM.attributes
                0x00000000000008d6       0x2c /home/shay/a/ece362/Ac6/SystemWorkbench/plugins/fr.ac6.mcu.externaltools.arm-none.linux64_1.17.0.201812190825/tools/compiler/bin/../lib/gcc/arm-none-eabi/7.3.1/thumb/v6-m/libgcc.a(muldf3.o)
 .ARM.attributes
                0x0000000000000902       0x2c /home/shay/a/ece362/Ac6/SystemWorkbench/plugins/fr.ac6.mcu.externaltools.arm-none.linux64_1.17.0.201812190825/tools/compiler/bin/../lib/gcc/arm-none-eabi/7.3.1/thumb/v6-m/libgcc.a(subdf3.o)
 .ARM.attributes
                0x000000000000092e       0x2c /home/shay/a/ece362/Ac6/SystemWorkbench/plugins/fr.ac6.mcu.externaltools.arm-none.linux64_1.17.0.201812190825/tools/compiler/bin/../lib/gcc/arm-none-eabi/7.3.1/thumb/v6-m/libgcc.a(unorddf2.o)
 .ARM.attributes
                0x000000000000095a       0x2c /home/shay/a/ece362/Ac6/SystemWorkbench/plugins/fr.ac6.mcu.externaltools.arm-none.linux64_1.17.0.201812190825/tools/compiler/bin/../lib/gcc/arm-none-eabi/7.3.1/thumb/v6-m/libgcc.a(fixdfsi.o)
 .ARM.attributes
                0x0000000000000986       0x2c /home/shay/a/ece362/Ac6/SystemWorkbench/plugins/fr.ac6.mcu.externaltools.arm-none.linux64_1.17.0.201812190825/tools/compiler/bin/../lib/gcc/arm-none-eabi/7.3.1/thumb/v6-m/libgcc.a(floatsidf.o)
 .ARM.attributes
                0x00000000000009b2       0x2c /home/shay/a/ece362/Ac6/SystemWorkbench/plugins/fr.ac6.mcu.externaltools.arm-none.linux64_1.17.0.201812190825/tools/compiler/bin/../lib/gcc/arm-none-eabi/7.3.1/thumb/v6-m/libgcc.a(floatunsidf.o)
 .ARM.attributes
                0x00000000000009de       0x1e /home/shay/a/ece362/Ac6/SystemWorkbench/plugins/fr.ac6.mcu.externaltools.arm-none.linux64_1.17.0.201812190825/tools/compiler/bin/../lib/gcc/arm-none-eabi/7.3.1/thumb/v6-m/libgcc.a(_clzsi2.o)
 .ARM.attributes
                0x00000000000009fc       0x1e /home/shay/a/ece362/Ac6/SystemWorkbench/plugins/fr.ac6.mcu.externaltools.arm-none.linux64_1.17.0.201812190825/tools/compiler/bin/../lib/gcc/arm-none-eabi/7.3.1/thumb/v6-m/libgcc.a(_clzdi2.o)
 .ARM.attributes
                0x0000000000000a1a       0x1e /home/shay/a/ece362/Ac6/SystemWorkbench/plugins/fr.ac6.mcu.externaltools.arm-none.linux64_1.17.0.201812190825/tools/compiler/bin/../lib/gcc/arm-none-eabi/7.3.1/thumb/v6-m/crtn.o
OUTPUT(miniproj.elf elf32-littlearm)

.debug_info     0x0000000000000000     0x4036
 .debug_info    0x0000000000000000      0x8da src/main.o
 .debug_info    0x00000000000008da     0x13b7 src/proj.o
 .debug_info    0x0000000000001c91     0x1180 src/setup.o
 .debug_info    0x0000000000002e11      0xf2e src/syscalls.o
 .debug_info    0x0000000000003d3f      0x2d5 src/system_stm32f0xx.o
 .debug_info    0x0000000000004014       0x22 startup/startup_stm32f0xx.o

.debug_abbrev   0x0000000000000000      0xb37
 .debug_abbrev  0x0000000000000000      0x1ac src/main.o
 .debug_abbrev  0x00000000000001ac      0x307 src/proj.o
 .debug_abbrev  0x00000000000004b3      0x290 src/setup.o
 .debug_abbrev  0x0000000000000743      0x2aa src/syscalls.o
 .debug_abbrev  0x00000000000009ed      0x138 src/system_stm32f0xx.o
 .debug_abbrev  0x0000000000000b25       0x12 startup/startup_stm32f0xx.o

.debug_aranges  0x0000000000000000      0x248
 .debug_aranges
                0x0000000000000000       0x20 src/main.o
 .debug_aranges
                0x0000000000000020       0xb0 src/proj.o
 .debug_aranges
                0x00000000000000d0       0x70 src/setup.o
 .debug_aranges
                0x0000000000000140       0xb0 src/syscalls.o
 .debug_aranges
                0x00000000000001f0       0x30 src/system_stm32f0xx.o
 .debug_aranges
                0x0000000000000220       0x28 startup/startup_stm32f0xx.o

.debug_ranges   0x0000000000000000      0x1f0
 .debug_ranges  0x0000000000000000       0x10 src/main.o
 .debug_ranges  0x0000000000000010       0xa0 src/proj.o
 .debug_ranges  0x00000000000000b0       0x60 src/setup.o
 .debug_ranges  0x0000000000000110       0xa0 src/syscalls.o
 .debug_ranges  0x00000000000001b0       0x20 src/system_stm32f0xx.o
 .debug_ranges  0x00000000000001d0       0x20 startup/startup_stm32f0xx.o

.debug_macro    0x0000000000000000     0x23e7
 .debug_macro   0x0000000000000000      0x23b src/main.o
 .debug_macro   0x000000000000023b       0x64 src/main.o
 .debug_macro   0x000000000000029f       0x18 src/main.o
 .debug_macro   0x00000000000002b7       0x5e src/main.o
 .debug_macro   0x0000000000000315       0x35 src/main.o
 .debug_macro   0x000000000000034a       0x34 src/main.o
 .debug_macro   0x000000000000037e       0x16 src/main.o
 .debug_macro   0x0000000000000394      0x10e src/main.o
 .debug_macro   0x00000000000004a2       0x8d src/main.o
 .debug_macro   0x000000000000052f       0x58 src/main.o
 .debug_macro   0x0000000000000587       0x1f src/main.o
 .debug_macro   0x00000000000005a6       0x43 src/main.o
 .debug_macro   0x00000000000005e9       0x20 src/main.o
 .debug_macro   0x0000000000000609      0x18e src/main.o
 .debug_macro   0x0000000000000797      0x330 src/main.o
 .debug_macro   0x0000000000000ac7       0x16 src/main.o
 .debug_macro   0x0000000000000add       0x29 src/main.o
 .debug_macro   0x0000000000000b06      0x42f src/proj.o
 .debug_macro   0x0000000000000f35      0x174 src/proj.o
 .debug_macro   0x00000000000010a9      0x1e1 src/proj.o
 .debug_macro   0x000000000000128a       0x1c src/proj.o
 .debug_macro   0x00000000000012a6       0x35 src/proj.o
 .debug_macro   0x00000000000012db       0x10 src/proj.o
 .debug_macro   0x00000000000012eb       0x10 src/proj.o
 .debug_macro   0x00000000000012fb       0x1c src/proj.o
 .debug_macro   0x0000000000001317       0x52 src/proj.o
 .debug_macro   0x0000000000001369       0x40 src/proj.o
 .debug_macro   0x00000000000013a9       0x10 src/proj.o
 .debug_macro   0x00000000000013b9       0x40 src/proj.o
 .debug_macro   0x00000000000013f9       0xd7 src/proj.o
 .debug_macro   0x00000000000014d0       0x1c src/proj.o
 .debug_macro   0x00000000000014ec       0x3d src/proj.o
 .debug_macro   0x0000000000001529       0x16 src/proj.o
 .debug_macro   0x000000000000153f      0x16f src/proj.o
 .debug_macro   0x00000000000016ae       0x16 src/proj.o
 .debug_macro   0x00000000000016c4       0x10 src/proj.o
 .debug_macro   0x00000000000016d4       0x10 src/proj.o
 .debug_macro   0x00000000000016e4       0x35 src/proj.o
 .debug_macro   0x0000000000001719      0x21a src/setup.o
 .debug_macro   0x0000000000001933      0x243 src/syscalls.o
 .debug_macro   0x0000000000001b76       0x58 src/syscalls.o
 .debug_macro   0x0000000000001bce       0x94 src/syscalls.o
 .debug_macro   0x0000000000001c62       0x57 src/syscalls.o
 .debug_macro   0x0000000000001cb9       0x10 src/syscalls.o
 .debug_macro   0x0000000000001cc9      0x122 src/syscalls.o
 .debug_macro   0x0000000000001deb       0x10 src/syscalls.o
 .debug_macro   0x0000000000001dfb      0x241 src/syscalls.o
 .debug_macro   0x000000000000203c       0x10 src/syscalls.o
 .debug_macro   0x000000000000204c      0x189 src/syscalls.o
 .debug_macro   0x00000000000021d5       0x16 src/syscalls.o
 .debug_macro   0x00000000000021eb       0x88 src/syscalls.o
 .debug_macro   0x0000000000002273      0x174 src/system_stm32f0xx.o

.debug_line     0x0000000000000000     0x253a
 .debug_line    0x0000000000000000      0x68f src/main.o
 .debug_line    0x000000000000068f      0xaac src/proj.o
 .debug_line    0x000000000000113b      0x74e src/setup.o
 .debug_line    0x0000000000001889      0x62b src/syscalls.o
 .debug_line    0x0000000000001eb4      0x605 src/system_stm32f0xx.o
 .debug_line    0x00000000000024b9       0x81 startup/startup_stm32f0xx.o

.debug_str      0x0000000000000000    0x31ef0
 .debug_str     0x0000000000000000    0x2eade src/main.o
                                      0x2ed2a (size before relaxing)
 .debug_str     0x000000000002eade     0x2040 src/proj.o
                                      0x30e10 (size before relaxing)
 .debug_str     0x0000000000030b1e      0x2cc src/setup.o
                                      0x2f971 (size before relaxing)
 .debug_str     0x0000000000030dea     0x1016 src/syscalls.o
                                       0x84f8 (size before relaxing)
 .debug_str     0x0000000000031e00       0xc3 src/system_stm32f0xx.o
                                      0x2bd12 (size before relaxing)
 .debug_str     0x0000000000031ec3       0x2d startup/startup_stm32f0xx.o
                                         0x57 (size before relaxing)

.comment        0x0000000000000000       0x7f
 .comment       0x0000000000000000       0x7f src/main.o
                                         0x80 (size before relaxing)
 .comment       0x000000000000007f       0x80 src/proj.o
 .comment       0x000000000000007f       0x80 src/setup.o
 .comment       0x000000000000007f       0x80 src/syscalls.o
 .comment       0x000000000000007f       0x80 src/system_stm32f0xx.o

.debug_frame    0x0000000000000000     0x1394
 .debug_frame   0x0000000000000000       0x2c src/main.o
 .debug_frame   0x000000000000002c      0x274 src/proj.o
 .debug_frame   0x00000000000002a0      0x148 src/setup.o
 .debug_frame   0x00000000000003e8      0x264 src/syscalls.o
 .debug_frame   0x000000000000064c       0x6c src/system_stm32f0xx.o
 .debug_frame   0x00000000000006b8       0x20 /home/shay/a/ece362/Ac6/SystemWorkbench/plugins/fr.ac6.mcu.externaltools.arm-none.linux64_1.17.0.201812190825/tools/compiler/bin/../lib/gcc/arm-none-eabi/7.3.1/thumb/v6-m/libgcc.a(_udivsi3.o)
 .debug_frame   0x00000000000006d8       0x20 /home/shay/a/ece362/Ac6/SystemWorkbench/plugins/fr.ac6.mcu.externaltools.arm-none.linux64_1.17.0.201812190825/tools/compiler/bin/../lib/gcc/arm-none-eabi/7.3.1/thumb/v6-m/libgcc.a(_divsi3.o)
 .debug_frame   0x00000000000006f8       0x20 /home/shay/a/ece362/Ac6/SystemWorkbench/plugins/fr.ac6.mcu.externaltools.arm-none.linux64_1.17.0.201812190825/tools/compiler/bin/../lib/gcc/arm-none-eabi/7.3.1/../../../../arm-none-eabi/lib/thumb/v6-m/libc.a(lib_a-errno.o)
 .debug_frame   0x0000000000000718       0x2c /home/shay/a/ece362/Ac6/SystemWorkbench/plugins/fr.ac6.mcu.externaltools.arm-none.linux64_1.17.0.201812190825/tools/compiler/bin/../lib/gcc/arm-none-eabi/7.3.1/../../../../arm-none-eabi/lib/thumb/v6-m/libc.a(lib_a-init.o)
 .debug_frame   0x0000000000000744       0x30 /home/shay/a/ece362/Ac6/SystemWorkbench/plugins/fr.ac6.mcu.externaltools.arm-none.linux64_1.17.0.201812190825/tools/compiler/bin/../lib/gcc/arm-none-eabi/7.3.1/../../../../arm-none-eabi/lib/thumb/v6-m/libc.a(lib_a-memset.o)
 .debug_frame   0x0000000000000774       0x38 /home/shay/a/ece362/Ac6/SystemWorkbench/plugins/fr.ac6.mcu.externaltools.arm-none.linux64_1.17.0.201812190825/tools/compiler/bin/../lib/gcc/arm-none-eabi/7.3.1/../../../../arm-none-eabi/lib/thumb/v6-m/libc.a(lib_a-rand.o)
 .debug_frame   0x00000000000007ac       0x48 /home/shay/a/ece362/Ac6/SystemWorkbench/plugins/fr.ac6.mcu.externaltools.arm-none.linux64_1.17.0.201812190825/tools/compiler/bin/../lib/gcc/arm-none-eabi/7.3.1/../../../../arm-none-eabi/lib/thumb/v6-m/libc.a(lib_a-sprintf.o)
 .debug_frame   0x00000000000007f4       0x3c /home/shay/a/ece362/Ac6/SystemWorkbench/plugins/fr.ac6.mcu.externaltools.arm-none.linux64_1.17.0.201812190825/tools/compiler/bin/../lib/gcc/arm-none-eabi/7.3.1/../../../../arm-none-eabi/lib/thumb/v6-m/libc.a(lib_a-svfprintf.o)
 .debug_frame   0x0000000000000830       0x54 /home/shay/a/ece362/Ac6/SystemWorkbench/plugins/fr.ac6.mcu.externaltools.arm-none.linux64_1.17.0.201812190825/tools/compiler/bin/../lib/gcc/arm-none-eabi/7.3.1/../../../../arm-none-eabi/lib/thumb/v6-m/libc.a(lib_a-__call_atexit.o)
 .debug_frame   0x0000000000000884       0x28 /home/shay/a/ece362/Ac6/SystemWorkbench/plugins/fr.ac6.mcu.externaltools.arm-none.linux64_1.17.0.201812190825/tools/compiler/bin/../lib/gcc/arm-none-eabi/7.3.1/../../../../arm-none-eabi/lib/thumb/v6-m/libc.a(lib_a-atexit.o)
 .debug_frame   0x00000000000008ac       0x68 /home/shay/a/ece362/Ac6/SystemWorkbench/plugins/fr.ac6.mcu.externaltools.arm-none.linux64_1.17.0.201812190825/tools/compiler/bin/../lib/gcc/arm-none-eabi/7.3.1/../../../../arm-none-eabi/lib/thumb/v6-m/libc.a(lib_a-dtoa.o)
 .debug_frame   0x0000000000000914       0x2c /home/shay/a/ece362/Ac6/SystemWorkbench/plugins/fr.ac6.mcu.externaltools.arm-none.linux64_1.17.0.201812190825/tools/compiler/bin/../lib/gcc/arm-none-eabi/7.3.1/../../../../arm-none-eabi/lib/thumb/v6-m/libc.a(lib_a-fini.o)
 .debug_frame   0x0000000000000940       0x58 /home/shay/a/ece362/Ac6/SystemWorkbench/plugins/fr.ac6.mcu.externaltools.arm-none.linux64_1.17.0.201812190825/tools/compiler/bin/../lib/gcc/arm-none-eabi/7.3.1/../../../../arm-none-eabi/lib/thumb/v6-m/libc.a(lib_a-freer.o)
 .debug_frame   0x0000000000000998       0x40 /home/shay/a/ece362/Ac6/SystemWorkbench/plugins/fr.ac6.mcu.externaltools.arm-none.linux64_1.17.0.201812190825/tools/compiler/bin/../lib/gcc/arm-none-eabi/7.3.1/../../../../arm-none-eabi/lib/thumb/v6-m/libc.a(lib_a-localeconv.o)
 .debug_frame   0x00000000000009d8       0xb0 /home/shay/a/ece362/Ac6/SystemWorkbench/plugins/fr.ac6.mcu.externaltools.arm-none.linux64_1.17.0.201812190825/tools/compiler/bin/../lib/gcc/arm-none-eabi/7.3.1/../../../../arm-none-eabi/lib/thumb/v6-m/libc.a(lib_a-lock.o)
 .debug_frame   0x0000000000000a88       0x3c /home/shay/a/ece362/Ac6/SystemWorkbench/plugins/fr.ac6.mcu.externaltools.arm-none.linux64_1.17.0.201812190825/tools/compiler/bin/../lib/gcc/arm-none-eabi/7.3.1/../../../../arm-none-eabi/lib/thumb/v6-m/libc.a(lib_a-mallocr.o)
 .debug_frame   0x0000000000000ac4       0x2c /home/shay/a/ece362/Ac6/SystemWorkbench/plugins/fr.ac6.mcu.externaltools.arm-none.linux64_1.17.0.201812190825/tools/compiler/bin/../lib/gcc/arm-none-eabi/7.3.1/../../../../arm-none-eabi/lib/thumb/v6-m/libc.a(lib_a-memchr-stub.o)
 .debug_frame   0x0000000000000af0       0x30 /home/shay/a/ece362/Ac6/SystemWorkbench/plugins/fr.ac6.mcu.externaltools.arm-none.linux64_1.17.0.201812190825/tools/compiler/bin/../lib/gcc/arm-none-eabi/7.3.1/../../../../arm-none-eabi/lib/thumb/v6-m/libc.a(lib_a-memcpy-stub.o)
 .debug_frame   0x0000000000000b20       0x40 /home/shay/a/ece362/Ac6/SystemWorkbench/plugins/fr.ac6.mcu.externaltools.arm-none.linux64_1.17.0.201812190825/tools/compiler/bin/../lib/gcc/arm-none-eabi/7.3.1/../../../../arm-none-eabi/lib/thumb/v6-m/libc.a(lib_a-mlock.o)
 .debug_frame   0x0000000000000b60      0x260 /home/shay/a/ece362/Ac6/SystemWorkbench/plugins/fr.ac6.mcu.externaltools.arm-none.linux64_1.17.0.201812190825/tools/compiler/bin/../lib/gcc/arm-none-eabi/7.3.1/../../../../arm-none-eabi/lib/thumb/v6-m/libc.a(lib_a-mprec.o)
 .debug_frame   0x0000000000000dc0       0x2c /home/shay/a/ece362/Ac6/SystemWorkbench/plugins/fr.ac6.mcu.externaltools.arm-none.linux64_1.17.0.201812190825/tools/compiler/bin/../lib/gcc/arm-none-eabi/7.3.1/../../../../arm-none-eabi/lib/thumb/v6-m/libc.a(lib_a-s_frexp.o)
 .debug_frame   0x0000000000000dec       0x2c /home/shay/a/ece362/Ac6/SystemWorkbench/plugins/fr.ac6.mcu.externaltools.arm-none.linux64_1.17.0.201812190825/tools/compiler/bin/../lib/gcc/arm-none-eabi/7.3.1/../../../../arm-none-eabi/lib/thumb/v6-m/libc.a(lib_a-sbrkr.o)
 .debug_frame   0x0000000000000e18       0x28 /home/shay/a/ece362/Ac6/SystemWorkbench/plugins/fr.ac6.mcu.externaltools.arm-none.linux64_1.17.0.201812190825/tools/compiler/bin/../lib/gcc/arm-none-eabi/7.3.1/../../../../arm-none-eabi/lib/thumb/v6-m/libc.a(lib_a-strlen-stub.o)
 .debug_frame   0x0000000000000e40       0x34 /home/shay/a/ece362/Ac6/SystemWorkbench/plugins/fr.ac6.mcu.externaltools.arm-none.linux64_1.17.0.201812190825/tools/compiler/bin/../lib/gcc/arm-none-eabi/7.3.1/../../../../arm-none-eabi/lib/thumb/v6-m/libc.a(lib_a-strncpy.o)
 .debug_frame   0x0000000000000e74       0x68 /home/shay/a/ece362/Ac6/SystemWorkbench/plugins/fr.ac6.mcu.externaltools.arm-none.linux64_1.17.0.201812190825/tools/compiler/bin/../lib/gcc/arm-none-eabi/7.3.1/../../../../arm-none-eabi/lib/thumb/v6-m/libc.a(lib_a-svfiprintf.o)
 .debug_frame   0x0000000000000edc       0x3c /home/shay/a/ece362/Ac6/SystemWorkbench/plugins/fr.ac6.mcu.externaltools.arm-none.linux64_1.17.0.201812190825/tools/compiler/bin/../lib/gcc/arm-none-eabi/7.3.1/../../../../arm-none-eabi/lib/thumb/v6-m/libc.a(lib_a-__atexit.o)
 .debug_frame   0x0000000000000f18       0x28 /home/shay/a/ece362/Ac6/SystemWorkbench/plugins/fr.ac6.mcu.externaltools.arm-none.linux64_1.17.0.201812190825/tools/compiler/bin/../lib/gcc/arm-none-eabi/7.3.1/../../../../arm-none-eabi/lib/thumb/v6-m/libc.a(lib_a-callocr.o)
 .debug_frame   0x0000000000000f40       0x74 /home/shay/a/ece362/Ac6/SystemWorkbench/plugins/fr.ac6.mcu.externaltools.arm-none.linux64_1.17.0.201812190825/tools/compiler/bin/../lib/gcc/arm-none-eabi/7.3.1/../../../../arm-none-eabi/lib/thumb/v6-m/libc.a(lib_a-locale.o)
 .debug_frame   0x0000000000000fb4       0x40 /home/shay/a/ece362/Ac6/SystemWorkbench/plugins/fr.ac6.mcu.externaltools.arm-none.linux64_1.17.0.201812190825/tools/compiler/bin/../lib/gcc/arm-none-eabi/7.3.1/../../../../arm-none-eabi/lib/thumb/v6-m/libc.a(lib_a-mbtowc_r.o)
 .debug_frame   0x0000000000000ff4       0x30 /home/shay/a/ece362/Ac6/SystemWorkbench/plugins/fr.ac6.mcu.externaltools.arm-none.linux64_1.17.0.201812190825/tools/compiler/bin/../lib/gcc/arm-none-eabi/7.3.1/../../../../arm-none-eabi/lib/thumb/v6-m/libc.a(lib_a-memmove.o)
 .debug_frame   0x0000000000001024       0x3c /home/shay/a/ece362/Ac6/SystemWorkbench/plugins/fr.ac6.mcu.externaltools.arm-none.linux64_1.17.0.201812190825/tools/compiler/bin/../lib/gcc/arm-none-eabi/7.3.1/../../../../arm-none-eabi/lib/thumb/v6-m/libc.a(lib_a-reallocr.o)
 .debug_frame   0x0000000000001060       0x48 /home/shay/a/ece362/Ac6/SystemWorkbench/plugins/fr.ac6.mcu.externaltools.arm-none.linux64_1.17.0.201812190825/tools/compiler/bin/../lib/gcc/arm-none-eabi/7.3.1/../../../../arm-none-eabi/lib/thumb/v6-m/libc.a(lib_a-reent.o)
 .debug_frame   0x00000000000010a8       0x3c /home/shay/a/ece362/Ac6/SystemWorkbench/plugins/fr.ac6.mcu.externaltools.arm-none.linux64_1.17.0.201812190825/tools/compiler/bin/../lib/gcc/arm-none-eabi/7.3.1/../../../../arm-none-eabi/lib/thumb/v6-m/libc.a(lib_a-wctomb_r.o)
 .debug_frame   0x00000000000010e4       0x34 /home/shay/a/ece362/Ac6/SystemWorkbench/plugins/fr.ac6.mcu.externaltools.arm-none.linux64_1.17.0.201812190825/tools/compiler/bin/../lib/gcc/arm-none-eabi/7.3.1/thumb/v6-m/libgcc.a(_muldi3.o)
 .debug_frame   0x0000000000001118       0x3c /home/shay/a/ece362/Ac6/SystemWorkbench/plugins/fr.ac6.mcu.externaltools.arm-none.linux64_1.17.0.201812190825/tools/compiler/bin/../lib/gcc/arm-none-eabi/7.3.1/thumb/v6-m/libgcc.a(_udivmoddi4.o)
 .debug_frame   0x0000000000001154       0x38 /home/shay/a/ece362/Ac6/SystemWorkbench/plugins/fr.ac6.mcu.externaltools.arm-none.linux64_1.17.0.201812190825/tools/compiler/bin/../lib/gcc/arm-none-eabi/7.3.1/thumb/v6-m/libgcc.a(adddf3.o)
 .debug_frame   0x000000000000118c       0x3c /home/shay/a/ece362/Ac6/SystemWorkbench/plugins/fr.ac6.mcu.externaltools.arm-none.linux64_1.17.0.201812190825/tools/compiler/bin/../lib/gcc/arm-none-eabi/7.3.1/thumb/v6-m/libgcc.a(divdf3.o)
 .debug_frame   0x00000000000011c8       0x38 /home/shay/a/ece362/Ac6/SystemWorkbench/plugins/fr.ac6.mcu.externaltools.arm-none.linux64_1.17.0.201812190825/tools/compiler/bin/../lib/gcc/arm-none-eabi/7.3.1/thumb/v6-m/libgcc.a(eqdf2.o)
 .debug_frame   0x0000000000001200       0x38 /home/shay/a/ece362/Ac6/SystemWorkbench/plugins/fr.ac6.mcu.externaltools.arm-none.linux64_1.17.0.201812190825/tools/compiler/bin/../lib/gcc/arm-none-eabi/7.3.1/thumb/v6-m/libgcc.a(gedf2.o)
 .debug_frame   0x0000000000001238       0x38 /home/shay/a/ece362/Ac6/SystemWorkbench/plugins/fr.ac6.mcu.externaltools.arm-none.linux64_1.17.0.201812190825/tools/compiler/bin/../lib/gcc/arm-none-eabi/7.3.1/thumb/v6-m/libgcc.a(ledf2.o)
 .debug_frame   0x0000000000001270       0x3c /home/shay/a/ece362/Ac6/SystemWorkbench/plugins/fr.ac6.mcu.externaltools.arm-none.linux64_1.17.0.201812190825/tools/compiler/bin/../lib/gcc/arm-none-eabi/7.3.1/thumb/v6-m/libgcc.a(muldf3.o)
 .debug_frame   0x00000000000012ac       0x3c /home/shay/a/ece362/Ac6/SystemWorkbench/plugins/fr.ac6.mcu.externaltools.arm-none.linux64_1.17.0.201812190825/tools/compiler/bin/../lib/gcc/arm-none-eabi/7.3.1/thumb/v6-m/libgcc.a(subdf3.o)
 .debug_frame   0x00000000000012e8       0x2c /home/shay/a/ece362/Ac6/SystemWorkbench/plugins/fr.ac6.mcu.externaltools.arm-none.linux64_1.17.0.201812190825/tools/compiler/bin/../lib/gcc/arm-none-eabi/7.3.1/thumb/v6-m/libgcc.a(unorddf2.o)
 .debug_frame   0x0000000000001314       0x2c /home/shay/a/ece362/Ac6/SystemWorkbench/plugins/fr.ac6.mcu.externaltools.arm-none.linux64_1.17.0.201812190825/tools/compiler/bin/../lib/gcc/arm-none-eabi/7.3.1/thumb/v6-m/libgcc.a(fixdfsi.o)
 .debug_frame   0x0000000000001340       0x2c /home/shay/a/ece362/Ac6/SystemWorkbench/plugins/fr.ac6.mcu.externaltools.arm-none.linux64_1.17.0.201812190825/tools/compiler/bin/../lib/gcc/arm-none-eabi/7.3.1/thumb/v6-m/libgcc.a(floatsidf.o)
 .debug_frame   0x000000000000136c       0x28 /home/shay/a/ece362/Ac6/SystemWorkbench/plugins/fr.ac6.mcu.externaltools.arm-none.linux64_1.17.0.201812190825/tools/compiler/bin/../lib/gcc/arm-none-eabi/7.3.1/thumb/v6-m/libgcc.a(floatunsidf.o)
